Archive member included to satisfy reference by file (symbol)

../Middlewares/ST/AI/Lib\NetworkRuntime900_CM4_GCC.a(ai_platform.o)
                              ./X-CUBE-AI/App/network.o (ai_buffer_array_item_set_address)
../Middlewares/ST/AI/Lib\NetworkRuntime900_CM4_GCC.a(ai_platform_interface.o)
                              ./X-CUBE-AI/App/network.o (ai_platform_get_weights_map)
../Middlewares/ST/AI/Lib\NetworkRuntime900_CM4_GCC.a(core_common.o)
                              ../Middlewares/ST/AI/Lib\NetworkRuntime900_CM4_GCC.a(ai_platform_interface.o) (core_init)
../Middlewares/ST/AI/Lib\NetworkRuntime900_CM4_GCC.a(core_mem_manager.o)
                              ../Middlewares/ST/AI/Lib\NetworkRuntime900_CM4_GCC.a(ai_platform_interface.o) (core_mem_alloc)
../Middlewares/ST/AI/Lib\NetworkRuntime900_CM4_GCC.a(layers.o)
                              ../Middlewares/ST/AI/Lib\NetworkRuntime900_CM4_GCC.a(ai_platform_interface.o) (ai_check_custom_types)
../Middlewares/ST/AI/Lib\NetworkRuntime900_CM4_GCC.a(layers_conv2d_generic_float.o)
                              ./X-CUBE-AI/App/network.o (forward_conv2d_if32of32wf32_nl_pool)
../Middlewares/ST/AI/Lib\NetworkRuntime900_CM4_GCC.a(layers_nl_generic_float.o)
                              ./X-CUBE-AI/App/network.o (forward_relu)
../Middlewares/ST/AI/Lib\NetworkRuntime900_CM4_GCC.a(layers_conv2d_integer_scratch.o)
                              ../Middlewares/ST/AI/Lib\NetworkRuntime900_CM4_GCC.a(layers.o) (get_conv2d_scratch_size)
../Middlewares/ST/AI/Lib\NetworkRuntime900_CM4_GCC.a(forward_lite_conv2d_if32of32wf32.o)
                              ../Middlewares/ST/AI/Lib\NetworkRuntime900_CM4_GCC.a(layers_conv2d_generic_float.o) (forward_lite_conv2d_if32of32wf32)
../Middlewares/ST/AI/Lib\NetworkRuntime900_CM4_GCC.a(lite_nl_softmax_if32of32.o)
                              ../Middlewares/ST/AI/Lib\NetworkRuntime900_CM4_GCC.a(layers_nl_generic_float.o) (forward_lite_nl_softmax_if32of32_kernel)
../Middlewares/ST/AI/Lib\NetworkRuntime900_CM4_GCC.a(lite_nl_relu_if32of32.o)
                              ../Middlewares/ST/AI/Lib\NetworkRuntime900_CM4_GCC.a(layers_nl_generic_float.o) (forward_lite_nl_prelu_if32of32_kernel)
../Middlewares/ST/AI/Lib\NetworkRuntime900_CM4_GCC.a(forward_lite_pool_f32.o)
                              ./X-CUBE-AI/App/network.o (pool_func_mp_array_f32)
../Middlewares/ST/AI/Lib\NetworkRuntime900_CM4_GCC.a(lite_dense_if32.o)
                              ../Middlewares/ST/AI/Lib\NetworkRuntime900_CM4_GCC.a(layers_conv2d_generic_float.o) (forward_lite_dense_if32of32wf32)
../Middlewares/ST/AI/Lib\NetworkRuntime900_CM4_GCC.a(lite_nl_generic_float.o)
                              ./X-CUBE-AI/App/network.o (forward_lite_nl_relu_if32of32)
../Middlewares/ST/AI/Lib\NetworkRuntime900_CM4_GCC.a(st_int8_fill.o)
                              ../Middlewares/ST/AI/Lib\NetworkRuntime900_CM4_GCC.a(layers_nl_generic_float.o) (st_int8_fill)
../Middlewares/ST/AI/Lib\NetworkRuntime900_CM4_GCC.a(ai_math_helpers.o)
                              ../Middlewares/ST/AI/Lib\NetworkRuntime900_CM4_GCC.a(layers_nl_generic_float.o) (ai_math_sqrt)
../Middlewares/ST/AI/Lib\NetworkRuntime900_CM4_GCC.a(ai_datatypes_format.o)
                              ../Middlewares/ST/AI/Lib\NetworkRuntime900_CM4_GCC.a(ai_platform_interface.o) (ai_array_to_buffer_fmt)
../Middlewares/ST/AI/Lib\NetworkRuntime900_CM4_GCC.a(ai_datatypes_internal.o)
                              ../Middlewares/ST/AI/Lib\NetworkRuntime900_CM4_GCC.a(ai_platform_interface.o) (ai_version_get)
../Middlewares/ST/AI/Lib\NetworkRuntime900_CM4_GCC.a(ai_math_elementwise_mul_int8.o)
                              ../Middlewares/ST/AI/Lib\NetworkRuntime900_CM4_GCC.a(ai_math_helpers.o) (ai_math_elementwise_mul_int8)
../Middlewares/ST/AI/Lib\NetworkRuntime900_CM4_GCC.a(ai_math_elementwise_sum_int8.o)
                              ../Middlewares/ST/AI/Lib\NetworkRuntime900_CM4_GCC.a(ai_math_helpers.o) (ai_math_elementwise_sum_int8)
../Middlewares/ST/AI/Lib\NetworkRuntime900_CM4_GCC.a(st_align_factor.o)
                              ../Middlewares/ST/AI/Lib\NetworkRuntime900_CM4_GCC.a(ai_math_helpers.o) (align_factor)
../GesturesMZ\libGesturesMZ_debug.a(gwmz.o)
                              ./Core/Src/gestures_example.o (GW_init)
../GesturesMZ\libGesturesMZ_debug.a(htmz.o)
                              ../GesturesMZ\libGesturesMZ_debug.a(gwmz.o) (HT_init)
../GesturesMZ\libGesturesMZ_debug.a(opti_math.o)
                              ../GesturesMZ\libGesturesMZ_debug.a(gwmz.o) (taylor_atan)
../GesturesMZ\libGesturesMZ_debug.a(ring_fbuffer_vm.o)
                              ../GesturesMZ\libGesturesMZ_debug.a(gwmz.o) (RFBVM_init)
../GesturesMZ\libGesturesMZ_debug.a(sensor.o)
                              ../GesturesMZ\libGesturesMZ_debug.a(htmz.o) (SEN_init)
[...]
Memory Configuration

Name             Origin             Length             Attributes
RAM              0x20000000         0x00018000         xrw
FLASH            0x08000000         0x00080000         xr
*default*        0x00000000         0xffffffff

Linker script and memory map

LOAD E:/STM32CubeIDE/STM32CubeIDE_1.15.1/STM32CubeIDE/plugins/com.st.stm32cube.ide.mcu.externaltools.gnu-tools-for-stm32.12.3.rel1.win32_1.0.200.202406191623/tools/bin/../lib/gcc/arm-none-eabi/12.3.1/thumb/v7e-m+fp/hard/crti.o
LOAD E:/STM32CubeIDE/STM32CubeIDE_1.15.1/STM32CubeIDE/plugins/com.st.stm32cube.ide.mcu.externaltools.gnu-tools-for-stm32.12.3.rel1.win32_1.0.200.202406191623/tools/bin/../lib/gcc/arm-none-eabi/12.3.1/thumb/v7e-m+fp/hard/crtbegin.o
LOAD E:/STM32CubeIDE/STM32CubeIDE_1.15.1/STM32CubeIDE/plugins/com.st.stm32cube.ide.mcu.externaltools.gnu-tools-for-stm32.12.3.rel1.win32_1.0.200.202406191623/tools/bin/../lib/gcc/arm-none-eabi/12.3.1/../../../../arm-none-eabi/lib/thumb/v7e-m+fp/hard/crt0.o
LOAD ./Core/Src/app_comm.o
LOAD ./Core/Src/app_network.o
LOAD ./Core/Src/app_sensor.o
LOAD ./Core/Src/gestures_example.o
LOAD ./Core/Src/main.o
LOAD ./Core/Src/stm32f4xx_hal_msp.o
LOAD ./Core/Src/stm32f4xx_it.o
LOAD ./Core/Src/syscalls.o
LOAD ./Core/Src/sysmem.o
LOAD ./Core/Src/system_stm32f4xx.o
LOAD ./Drivers/BSP/Components/VL53LMZ/vl53lmz_api.o
LOAD ./Drivers/BSP/Components/VL53LMZ/vl53lmz_plugin_cnh.o
LOAD ./Drivers/BSP/Components/VL53LMZ/vl53lmz_plugin_detection_thresholds.o
LOAD ./Drivers/BSP/Components/VL53LMZ/vl53lmz_plugin_motion_indicator.o
LOAD ./Drivers/BSP/Components/VL53LMZ/vl53lmz_plugin_xtalk.o
LOAD ./Drivers/BSP/platform.o
LOAD ./Drivers/STM32F4xx_HAL_Driver/Src/stm32f4xx_hal.o
LOAD ./Drivers/STM32F4xx_HAL_Driver/Src/stm32f4xx_hal_cortex.o
LOAD ./Drivers/STM32F4xx_HAL_Driver/Src/stm32f4xx_hal_dma.o
LOAD ./Drivers/STM32F4xx_HAL_Driver/Src/stm32f4xx_hal_dma_ex.o
LOAD ./Drivers/STM32F4xx_HAL_Driver/Src/stm32f4xx_hal_exti.o
LOAD ./Drivers/STM32F4xx_HAL_Driver/Src/stm32f4xx_hal_flash.o
LOAD ./Drivers/STM32F4xx_HAL_Driver/Src/stm32f4xx_hal_flash_ex.o
LOAD ./Drivers/STM32F4xx_HAL_Driver/Src/stm32f4xx_hal_flash_ramfunc.o
LOAD ./Drivers/STM32F4xx_HAL_Driver/Src/stm32f4xx_hal_gpio.o
LOAD ./Drivers/STM32F4xx_HAL_Driver/Src/stm32f4xx_hal_i2c.o
LOAD ./Drivers/STM32F4xx_HAL_Driver/Src/stm32f4xx_hal_i2c_ex.o
LOAD ./Drivers/STM32F4xx_HAL_Driver/Src/stm32f4xx_hal_pwr.o
LOAD ./Drivers/STM32F4xx_HAL_Driver/Src/stm32f4xx_hal_pwr_ex.o
LOAD ./Drivers/STM32F4xx_HAL_Driver/Src/stm32f4xx_hal_rcc.o
LOAD ./Drivers/STM32F4xx_HAL_Driver/Src/stm32f4xx_hal_rcc_ex.o
LOAD ./Drivers/STM32F4xx_HAL_Driver/Src/stm32f4xx_hal_tim.o
LOAD ./Drivers/STM32F4xx_HAL_Driver/Src/stm32f4xx_hal_tim_ex.o
LOAD ./Drivers/STM32F4xx_HAL_Driver/Src/stm32f4xx_hal_uart.o
LOAD ./X-CUBE-AI/App/network.o
LOAD ./X-CUBE-AI/App/network_data.o
LOAD ./X-CUBE-AI/App/network_data_params.o
LOAD ./startup/startup_stm32f401retx.o
LOAD ../Middlewares/ST/AI/Lib\NetworkRuntime900_CM4_GCC.a
LOAD ../GesturesMZ\libGesturesMZ_debug.a
START GROUP
LOAD E:/STM32CubeIDE/STM32CubeIDE_1.15.1/STM32CubeIDE/plugins/com.st.stm32cube.ide.mcu.externaltools.gnu-tools-for-stm32.12.3.rel1.win32_1.0.200.202406191623/tools/bin/../lib/gcc/arm-none-eabi/12.3.1/../../../../arm-none-eabi/lib/thumb/v7e-m+fp/hard\libc_nano.a
LOAD E:/STM32CubeIDE/STM32CubeIDE_1.15.1/STM32CubeIDE/plugins/com.st.stm32cube.ide.mcu.externaltools.gnu-tools-for-stm32.12.3.rel1.win32_1.0.200.202406191623/tools/bin/../lib/gcc/arm-none-eabi/12.3.1/../../../../arm-none-eabi/lib/thumb/v7e-m+fp/hard\libm.a
END GROUP
START GROUP
LOAD E:/STM32CubeIDE/STM32CubeIDE_1.15.1/STM32CubeIDE/plugins/com.st.stm32cube.ide.mcu.externaltools.gnu-tools-for-stm32.12.3.rel1.win32_1.0.200.202406191623/tools/bin/../lib/gcc/arm-none-eabi/12.3.1/thumb/v7e-m+fp/hard\libgcc.a
LOAD E:/STM32CubeIDE/STM32CubeIDE_1.15.1/STM32CubeIDE/plugins/com.st.stm32cube.ide.mcu.externaltools.gnu-tools-for-stm32.12.3.rel1.win32_1.0.200.202406191623/tools/bin/../lib/gcc/arm-none-eabi/12.3.1/../../../../arm-none-eabi/lib/thumb/v7e-m+fp/hard\libc_nano.a
END GROUP
START GROUP
LOAD E:/STM32CubeIDE/STM32CubeIDE_1.15.1/STM32CubeIDE/plugins/com.st.stm32cube.ide.mcu.externaltools.gnu-tools-for-stm32.12.3.rel1.win32_1.0.200.202406191623/tools/bin/../lib/gcc/arm-none-eabi/12.3.1/thumb/v7e-m+fp/hard\libgcc.a
LOAD E:/STM32CubeIDE/STM32CubeIDE_1.15.1/STM32CubeIDE/plugins/com.st.stm32cube.ide.mcu.externaltools.gnu-tools-for-stm32.12.3.rel1.win32_1.0.200.202406191623/tools/bin/../lib/gcc/arm-none-eabi/12.3.1/../../../../arm-none-eabi/lib/thumb/v7e-m+fp/hard\libc_nano.a
LOAD E:/STM32CubeIDE/STM32CubeIDE_1.15.1/STM32CubeIDE/plugins/com.st.stm32cube.ide.mcu.externaltools.gnu-tools-for-stm32.12.3.rel1.win32_1.0.200.202406191623/tools/bin/../lib/gcc/arm-none-eabi/12.3.1/../../../../arm-none-eabi/lib/thumb/v7e-m+fp/hard\libnosys.a
END GROUP
START GROUP
LOAD E:/STM32CubeIDE/STM32CubeIDE_1.15.1/STM32CubeIDE/plugins/com.st.stm32cube.ide.mcu.externaltools.gnu-tools-for-stm32.12.3.rel1.win32_1.0.200.202406191623/tools/bin/../lib/gcc/arm-none-eabi/12.3.1/thumb/v7e-m+fp/hard\libgcc.a
LOAD E:/STM32CubeIDE/STM32CubeIDE_1.15.1/STM32CubeIDE/plugins/com.st.stm32cube.ide.mcu.externaltools.gnu-tools-for-stm32.12.3.rel1.win32_1.0.200.202406191623/tools/bin/../lib/gcc/arm-none-eabi/12.3.1/../../../../arm-none-eabi/lib/thumb/v7e-m+fp/hard\libc_nano.a
LOAD E:/STM32CubeIDE/STM32CubeIDE_1.15.1/STM32CubeIDE/plugins/com.st.stm32cube.ide.mcu.externaltools.gnu-tools-for-stm32.12.3.rel1.win32_1.0.200.202406191623/tools/bin/../lib/gcc/arm-none-eabi/12.3.1/../../../../arm-none-eabi/lib/thumb/v7e-m+fp/hard\libnosys.a
END GROUP
LOAD E:/STM32CubeIDE/STM32CubeIDE_1.15.1/STM32CubeIDE/plugins/com.st.stm32cube.ide.mcu.externaltools.gnu-tools-for-stm32.12.3.rel1.win32_1.0.200.202406191623/tools/bin/../lib/gcc/arm-none-eabi/12.3.1/thumb/v7e-m+fp/hard/crtend.o
LOAD E:/STM32CubeIDE/STM32CubeIDE_1.15.1/STM32CubeIDE/plugins/com.st.stm32cube.ide.mcu.externaltools.gnu-tools-for-stm32.12.3.rel1.win32_1.0.200.202406191623/tools/bin/../lib/gcc/arm-none-eabi/12.3.1/thumb/v7e-m+fp/hard/crtn.o
                0x20018000                        _estack = (ORIGIN (RAM) + LENGTH (RAM))
                0x00000800                        _Min_Heap_Size = 0x800
                0x00000800                        _Min_Stack_Size = 0x800

.isr_vector     0x08000000      0x194
                0x08000000                        . = ALIGN (0x4)
 *(.isr_vector)
 .isr_vector    0x08000000      0x194 ./startup/startup_stm32f401retx.o
                0x08000000                g_pfnVectors
                0x08000194                        . = ALIGN (0x4)

.text           0x080001a0    0x28e28
                0x080001a0                        . = ALIGN (0x4)
 *(.text)
 .text          0x080001a0       0x40 E:/STM32CubeIDE/STM32CubeIDE_1.15.1/STM32CubeIDE/plugins/com.st.stm32cube.ide.mcu.externaltools.gnu-tools-for-stm32.12.3.rel1.win32_1.0.200.202406191623/tools/bin/../lib/gcc/arm-none-eabi/12.3.1/thumb/v7e-m+fp/hard/crtbegin.o
 .text          0x080001e0      0x548 ./Core/Src/app_comm.o
                0x08000320                Comm_HandleCmd
                0x0800035c                __io_putchar
                0x08000390                __io_getchar
                0x080003c4                Comm_Start
                0x0800041c                Add_SensorTxData_Network
                0x0800057c                HAL_UART_RxCpltCallback
                0x080006bc                HAL_UART_ErrorCallback
                0x08000700                Comm_HandleRxCMD
 .text          0x08000728      0x6ac ./Core/Src/app_network.o
                0x08000c30                Network_Init
                0x08000c58                Network_Preprocess
                0x08000d08                Network_Inference
                0x08000d88                Network_Postprocess
 .text          0x08000dd4      0x2f8 ./Core/Src/app_sensor.o
                0x08000f1c                Sensor_Init
                0x08000f54                Sensor_StartRanging
                0x08000fb8                Sensor_GetRangingData
                0x08001050                Sensor_StopRanging
                0x08001094                HAL_GPIO_EXTI_Callback
 .text          0x080010cc      0x3b8 ./Core/Src/gestures_example.o
                0x080010cc                select_target_index
                0x080010ec                SEN_CopyRangingData
                0x08001210                Add_SensorTxData_Gesture
                0x080012b4                Gesture_print_uart
                0x080013d4                gesture_library_init_configure
 .text          0x08001484      0x6e0 ./Core/Src/main.o
                0x08001484                main
                0x0800157c                SystemClock_Config
                0x08001b34                Error_Handler
 .text          0x08001b64      0x384 ./Core/Src/stm32f4xx_hal_msp.o
                0x08001b64                HAL_MspInit
                0x08001bb4                HAL_I2C_MspInit
                0x08001c44                HAL_I2C_MspDeInit
                0x08001c8c                HAL_TIM_Base_MspInit
                0x08001cd0                HAL_TIM_MspPostInit
                0x08001d44                HAL_TIM_Base_MspDeInit
                0x08001d78                HAL_UART_MspInit
                0x08001e80                HAL_UART_MspDeInit
 .text          0x08001ee8       0x80 ./Core/Src/stm32f4xx_it.o
                0x08001ee8                NMI_Handler
                0x08001ef0                HardFault_Handler
                0x08001ef8                MemManage_Handler
                0x08001f00                BusFault_Handler
                0x08001f08                UsageFault_Handler
                0x08001f10                SVC_Handler
                0x08001f1e                DebugMon_Handler
                0x08001f2c                PendSV_Handler
                0x08001f3a                SysTick_Handler
                0x08001f46                EXTI4_IRQHandler
                0x08001f54                USART2_IRQHandler
 .text          0x08001f68      0x216 ./Core/Src/syscalls.o
                0x08001f68                initialise_monitor_handles
                0x08001f76                _getpid
                0x08001f86                _kill
                0x08001fa6                _exit
                0x08001fbc                _read
                0x08001ff6                _write
                0x0800202e                _close
                0x08002046                _fstat
                0x08002066                _isatty
                0x0800207c                _lseek
                0x08002096                _open
                0x080020b2                _wait
                0x080020d0                _unlink
                0x080020ee                _times
                0x08002106                _stat
                0x08002126                _link
                0x08002146                _fork
                0x0800215c                _execve
 *fill*         0x0800217e        0x2 
 .text          0x08002180       0x6c ./Core/Src/sysmem.o
                0x08002180                _sbrk
 .text          0x080021ec      0x124 ./Core/Src/system_stm32f4xx.o
                0x080021ec                SystemInit
                0x08002210                SystemCoreClockUpdate
 .text          0x08002310     0x2998 ./Drivers/BSP/Components/VL53LMZ/vl53lmz_api.o
                0x08002a68                vl53lmz_is_alive
                0x08002b06                vl53lmz_init
                0x080034f4                vl53lmz_set_i2c_address
                0x08003560                vl53lmz_get_power_mode
                0x080035e6                vl53lmz_set_power_mode
                0x080036e2                vl53lmz_start_ranging
                0x08003716                vl53lmz_stop_ranging
                0x080038ba                vl53lmz_check_data_ready
                0x08003966                vl53lmz_get_ranging_data
                0x08003c4c                vl53lmz_get_resolution
                0x08003c96                vl53lmz_set_resolution
                0x08003e3e                vl53lmz_get_ranging_frequency_hz
                0x08003e7c                vl53lmz_set_ranging_frequency_hz
                0x08003ebe                vl53lmz_get_integration_time_ms
                0x08003f14                vl53lmz_set_integration_time_ms
                0x08003f7e                vl53lmz_get_sharpener_percent
                0x08003fd8                vl53lmz_set_sharpener_percent
                0x08004048                vl53lmz_get_target_order
                0x08004086                vl53lmz_set_target_order
                0x080040de                vl53lmz_get_ranging_mode
                0x0800412a                vl53lmz_set_ranging_mode
                0x080041d8                vl53lmz_enable_internal_cp
                0x0800425c                vl53lmz_disable_internal_cp
                0x080042ce                vl53lmz_get_external_sync_pin_enable
                0x08004330                vl53lmz_set_external_sync_pin_enable
                0x080043be                vl53lmz_get_glare_filter_cfg
                0x08004416                vl53lmz_set_glare_filter_cfg
                0x080044d4                vl53lmz_dci_read_data
                0x080045e8                vl53lmz_dci_write_data
                0x08004728                vl53lmz_dci_replace_data
                0x08004780                vl53lmz_create_output_config
                0x0800485c                vl53lmz_send_output_config_and_start
                0x08004afc                vl53lmz_add_output_block
                0x08004b74                vl53lmz_disable_output_block
                0x08004be0                vl53lmz_results_extract_block
 .text          0x08004ca8      0x8f8 ./Drivers/BSP/Components/VL53LMZ/vl53lmz_plugin_xtalk.o
                0x08004ef0                vl53lmz_calibrate_xtalk
                0x080053ac                vl53lmz_get_caldata_xtalk
                0x080054a0                vl53lmz_set_caldata_xtalk
                0x080054f4                vl53lmz_get_xtalk_margin
                0x08005540                vl53lmz_set_xtalk_margin
 .text          0x080055a0      0x258 ./Drivers/BSP/platform.o
                0x080055a0                LMZ_platform_init
                0x080055bc                RdByte
                0x08005624                WrByte
                0x08005674                WrMulti
                0x080056b4                RdMulti
                0x0800571c                Reset_Sensor
                0x08005742                SwapBuffer
                0x080057ae                WaitMs
                0x080057c8                wait_for_ToF_interrupt
 .text          0x080057f8      0x3e4 ./Drivers/STM32F4xx_HAL_Driver/Src/stm32f4xx_hal.o
                0x080057f8                HAL_Init
                0x0800583c                HAL_DeInit
                0x080058a6                HAL_MspDeInit
                0x080058b4                HAL_InitTick
                0x08005914                HAL_IncTick
                0x0800593c                HAL_GetTick
                0x08005954                HAL_GetTickPrio
                0x0800596c                HAL_SetTickFreq
                0x080059bc                HAL_GetTickFreq
                0x080059d4                HAL_Delay
                0x08005a1c                HAL_SuspendTick
                0x08005a3c                HAL_ResumeTick
                0x08005a5c                HAL_GetHalVersion
                0x08005a70                HAL_GetREVID
                0x08005a88                HAL_GetDEVID
                0x08005aa4                HAL_DBGMCU_EnableDBGSleepMode
                0x08005ac4                HAL_DBGMCU_DisableDBGSleepMode
                0x08005ae4                HAL_DBGMCU_EnableDBGStopMode
                0x08005b04                HAL_DBGMCU_DisableDBGStopMode
                0x08005b24                HAL_DBGMCU_EnableDBGStandbyMode
                0x08005b44                HAL_DBGMCU_DisableDBGStandbyMode
                0x08005b64                HAL_EnableCompensationCell
                0x08005b7c                HAL_DisableCompensationCell
                0x08005b94                HAL_GetUIDw0
                0x08005bac                HAL_GetUIDw1
                0x08005bc4                HAL_GetUIDw2
 .text          0x08005bdc      0x680 ./Drivers/STM32F4xx_HAL_Driver/Src/stm32f4xx_hal_cortex.o
                0x08005fac                HAL_NVIC_SetPriorityGrouping
                0x08005fc2                HAL_NVIC_SetPriority
                0x08005ffa                HAL_NVIC_EnableIRQ
                0x08006016                HAL_NVIC_DisableIRQ
                0x08006032                HAL_NVIC_SystemReset
                0x0800603a                HAL_SYSTICK_Config
                0x08006052                HAL_MPU_Disable
                0x08006080                HAL_MPU_Enable
                0x080060c0                HAL_MPU_ConfigRegion
                0x08006148                HAL_CORTEX_ClearEvent
                0x0800615a                HAL_NVIC_GetPriorityGrouping
                0x08006168                HAL_NVIC_GetPriority
                0x08006194                HAL_NVIC_SetPendingIRQ
                0x080061b0                HAL_NVIC_GetPendingIRQ
                0x080061ce                HAL_NVIC_ClearPendingIRQ
                0x080061ea                HAL_NVIC_GetActive
                0x08006208                HAL_SYSTICK_CLKSourceConfig
                0x08006240                HAL_SYSTICK_IRQHandler
                0x0800624c                HAL_SYSTICK_Callback
 .text          0x0800625c      0xca0 ./Drivers/STM32F4xx_HAL_Driver/Src/stm32f4xx_hal_dma.o
                0x0800625c                HAL_DMA_Init
                0x080063b8                HAL_DMA_DeInit
                0x08006474                HAL_DMA_Start
                0x080064ea                HAL_DMA_Start_IT
                0x0800659a                HAL_DMA_Abort
                0x0800667a                HAL_DMA_Abort_IT
                0x080066be                HAL_DMA_PollForTransfer
                0x0800687c                HAL_DMA_IRQHandler
                0x08006b90                HAL_DMA_RegisterCallback
                0x08006c38                HAL_DMA_UnRegisterCallback
                0x08006d0a                HAL_DMA_GetState
                0x08006d26                HAL_DMA_GetError
 .text          0x08006efc      0x600 ./Drivers/STM32F4xx_HAL_Driver/Src/stm32f4xx_hal_gpio.o
                0x08006efc                HAL_GPIO_Init
                0x08007204                HAL_GPIO_DeInit
                0x080073cc                HAL_GPIO_ReadPin
                0x080073fc                HAL_GPIO_WritePin
                0x0800742e                HAL_GPIO_TogglePin
                0x08007462                HAL_GPIO_LockPin
                0x080074b2                HAL_GPIO_EXTI_IRQHandler
 .text          0x080074fc     0x6420 ./Drivers/STM32F4xx_HAL_Driver/Src/stm32f4xx_hal_i2c.o
                0x080074fc                HAL_I2C_Init
                0x08007784                HAL_I2C_DeInit
                0x08007834                HAL_I2C_Master_Transmit
                0x08007a30                HAL_I2C_Master_Receive
                0x08007e94                HAL_I2C_Slave_Transmit
                0x080080c0                HAL_I2C_Slave_Receive
                0x080082d4                HAL_I2C_Master_Transmit_IT
                0x08008418                HAL_I2C_Master_Receive_IT
                0x0800856c                HAL_I2C_Slave_Transmit_IT
                0x0800864c                HAL_I2C_Slave_Receive_IT
                0x0800872c                HAL_I2C_Master_Transmit_DMA
                0x08008984                HAL_I2C_Master_Receive_DMA
                0x08008bdc                HAL_I2C_Slave_Transmit_DMA
                0x08008d80                HAL_I2C_Slave_Receive_DMA
                0x08008f24                HAL_I2C_Mem_Write
                0x08009118                HAL_I2C_Mem_Read
                0x0800957c                HAL_I2C_Mem_Write_IT
                0x080096d8                HAL_I2C_Mem_Read_IT
                0x0800984c                HAL_I2C_Mem_Write_DMA
                0x08009b08                HAL_I2C_Mem_Read_DMA
                0x08009e28                HAL_I2C_IsDeviceReady
                0x0800a084                HAL_I2C_Master_Seq_Transmit_IT
                0x0800a208                HAL_I2C_Master_Seq_Transmit_DMA
                0x0800a4c4                HAL_I2C_Master_Seq_Receive_IT
                0x0800a6b8                HAL_I2C_Master_Seq_Receive_DMA
                0x0800aa1c                HAL_I2C_Slave_Seq_Transmit_IT
                0x0800ab02                HAL_I2C_Slave_Seq_Transmit_DMA
                0x0800ad78                HAL_I2C_Slave_Seq_Receive_IT
                0x0800ae5e                HAL_I2C_Slave_Seq_Receive_DMA
                0x0800b0d4                HAL_I2C_EnableListen_IT
                0x0800b140                HAL_I2C_DisableListen_IT
                0x0800b1b6                HAL_I2C_Master_Abort_IT
                0x0800b25a                HAL_I2C_EV_IRQHandler
                0x0800b500                HAL_I2C_ER_IRQHandler
                0x0800b63e                HAL_I2C_MasterTxCpltCallback
                0x0800b652                HAL_I2C_MasterRxCpltCallback
                0x0800b666                HAL_I2C_SlaveTxCpltCallback
                0x0800b67a                HAL_I2C_SlaveRxCpltCallback
                0x0800b68e                HAL_I2C_AddrCallback
                0x0800b6aa                HAL_I2C_ListenCpltCallback
                0x0800b6be                HAL_I2C_MemTxCpltCallback
                0x0800b6d2                HAL_I2C_MemRxCpltCallback
                0x0800b6e6                HAL_I2C_ErrorCallback
                0x0800b6fa                HAL_I2C_AbortCpltCallback
                0x0800b70e                HAL_I2C_GetState
                0x0800b72a                HAL_I2C_GetMode
                0x0800b746                HAL_I2C_GetError
 .text          0x0800d91c      0xc04 ./Drivers/STM32F4xx_HAL_Driver/Src/stm32f4xx_hal_rcc.o
                0x0800d92c                HAL_RCC_OscConfig
                0x0800de1c                HAL_RCC_ClockConfig
                0x0800dfe8                HAL_RCC_MCOConfig
                0x0800e0b8                HAL_RCC_EnableCSS
                0x0800e0d0                HAL_RCC_DisableCSS
                0x0800e0e8                HAL_RCC_GetSysClockFreq
                0x0800e2f4                HAL_RCC_GetHCLKFreq
                0x0800e30c                HAL_RCC_GetPCLK1Freq
                0x0800e334                HAL_RCC_GetPCLK2Freq
                0x0800e35c                HAL_RCC_GetOscConfig
                0x0800e484                HAL_RCC_GetClockConfig
                0x0800e4e8                HAL_RCC_NMI_IRQHandler
                0x0800e510                HAL_RCC_CSSCallback
 .text          0x0800e520     0x5b0c ./Drivers/STM32F4xx_HAL_Driver/Src/stm32f4xx_hal_tim.o
                0x0800e520                HAL_TIM_Base_Init
                0x0800e5be                HAL_TIM_Base_DeInit
                0x0800e68e                HAL_TIM_Base_Start
                0x0800e740                HAL_TIM_Base_Stop
                0x0800e78e                HAL_TIM_Base_Start_IT
                0x0800e850                HAL_TIM_Base_Stop_IT
                0x0800e8ae                HAL_TIM_Base_Start_DMA
                0x0800e9d8                HAL_TIM_Base_Stop_DMA
                0x0800ea3c                HAL_TIM_OC_Init
                0x0800eada                HAL_TIM_OC_DeInit
                0x0800eb82                HAL_TIM_OC_MspInit
                0x0800eb96                HAL_TIM_OC_MspDeInit
                0x0800ebaa                HAL_TIM_OC_Start
                0x0800ed0c                HAL_TIM_OC_Stop
                0x0800edd4                HAL_TIM_OC_Start_IT
                0x0800efd0                HAL_TIM_OC_Stop_IT
                0x0800f134                HAL_TIM_OC_Start_DMA
                0x0800f494                HAL_TIM_OC_Stop_DMA
                0x0800f620                HAL_TIM_PWM_Init
                0x0800f6be                HAL_TIM_PWM_DeInit
                0x0800f766                HAL_TIM_PWM_MspInit
                0x0800f77a                HAL_TIM_PWM_MspDeInit
                0x0800f78e                HAL_TIM_PWM_Start
                0x0800f8f0                HAL_TIM_PWM_Stop
                0x0800f9b8                HAL_TIM_PWM_Start_IT
                0x0800fbb4                HAL_TIM_PWM_Stop_IT
                0x0800fd18                HAL_TIM_PWM_Start_DMA
                0x08010078                HAL_TIM_PWM_Stop_DMA
                0x08010204                HAL_TIM_IC_Init
                0x080102a2                HAL_TIM_IC_DeInit
                0x0801034a                HAL_TIM_IC_MspInit
                0x0801035e                HAL_TIM_IC_MspDeInit
                0x08010372                HAL_TIM_IC_Start
                0x0801050c                HAL_TIM_IC_Stop
                0x080105ce                HAL_TIM_IC_Start_IT
                0x08010800                HAL_TIM_IC_Stop_IT
                0x0801095c                HAL_TIM_IC_Start_DMA
                0x08010c94                HAL_TIM_IC_Stop_DMA
                0x08010e16                HAL_TIM_OnePulse_Init
                0x08010eb6                HAL_TIM_OnePulse_DeInit
                0x08010f3e                HAL_TIM_OnePulse_MspInit
                0x08010f52                HAL_TIM_OnePulse_MspDeInit
                0x08010f66                HAL_TIM_OnePulse_Start
                0x08011010                HAL_TIM_OnePulse_Stop
                0x080110d0                HAL_TIM_OnePulse_Start_IT
                0x0801119c                HAL_TIM_OnePulse_Stop_IT
                0x0801127c                HAL_TIM_Encoder_Init
                0x080113c8                HAL_TIM_Encoder_DeInit
                0x08011450                HAL_TIM_Encoder_MspInit
                0x08011464                HAL_TIM_Encoder_MspDeInit
                0x08011478                HAL_TIM_Encoder_Start
                0x08011594                HAL_TIM_Encoder_Stop
                0x080116c2                HAL_TIM_Encoder_Start_IT
                0x0801181e                HAL_TIM_Encoder_Stop_IT
                0x08011988                HAL_TIM_Encoder_Start_DMA
                0x08011c60                HAL_TIM_Encoder_Stop_DMA
                0x08011df2                HAL_TIM_IRQHandler
                0x08011fd2                HAL_TIM_OC_ConfigChannel
                0x08012088                HAL_TIM_IC_ConfigChannel
                0x080121c0                HAL_TIM_PWM_ConfigChannel
                0x08012344                HAL_TIM_OnePulse_ConfigChannel
                0x080124e8                HAL_TIM_DMABurst_WriteStart
                0x0801251c                HAL_TIM_DMABurst_MultiWriteStart
                0x080127c4                HAL_TIM_DMABurst_WriteStop
                0x080128b8                HAL_TIM_DMABurst_ReadStart
                0x080128ec                HAL_TIM_DMABurst_MultiReadStart
                0x08012b94                HAL_TIM_DMABurst_ReadStop
                0x08012c88                HAL_TIM_GenerateEvent
                0x08012cd6                HAL_TIM_ConfigOCrefClear
                0x08012e70                HAL_TIM_ConfigClockSource
                0x08012ffe                HAL_TIM_ConfigTI1Input
                0x08013036                HAL_TIM_SlaveConfigSynchro
                0x080130ba                HAL_TIM_SlaveConfigSynchro_IT
                0x0801313e                HAL_TIM_ReadCapturedValue
                0x080131c4                HAL_TIM_PeriodElapsedCallback
                0x080131d8                HAL_TIM_PeriodElapsedHalfCpltCallback
                0x080131ec                HAL_TIM_OC_DelayElapsedCallback
                0x08013200                HAL_TIM_IC_CaptureCallback
                0x08013214                HAL_TIM_IC_CaptureHalfCpltCallback
                0x08013228                HAL_TIM_PWM_PulseFinishedCallback
                0x0801323c                HAL_TIM_PWM_PulseFinishedHalfCpltCallback
                0x08013250                HAL_TIM_TriggerCallback
                0x08013264                HAL_TIM_TriggerHalfCpltCallback
                0x08013278                HAL_TIM_ErrorCallback
                0x0801328c                HAL_TIM_Base_GetState
                0x080132a8                HAL_TIM_OC_GetState
                0x080132c4                HAL_TIM_PWM_GetState
                0x080132e0                HAL_TIM_IC_GetState
                0x080132fc                HAL_TIM_OnePulse_GetState
                0x08013318                HAL_TIM_Encoder_GetState
                0x08013334                HAL_TIM_GetActiveChannel
                0x0801334c                HAL_TIM_GetChannelState
                0x0801339e                HAL_TIM_DMABurstState
                0x080133ba                TIM_DMAError
                0x080134f4                TIM_DMADelayPulseHalfCplt
                0x0801355c                TIM_DMACaptureCplt
                0x08013624                TIM_DMACaptureHalfCplt
                0x08013720                TIM_Base_SetConfig
                0x08013904                TIM_OC2_SetConfig
                0x08013c72                TIM_TI1_SetConfig
                0x08013fa0                TIM_ETR_SetConfig
                0x08013fe0                TIM_CCxChannelCmd
 .text          0x0801402c     0x2290 ./Drivers/STM32F4xx_HAL_Driver/Src/stm32f4xx_hal_tim_ex.o
                0x0801402c                HAL_TIMEx_HallSensor_Init
                0x0801417e                HAL_TIMEx_HallSensor_DeInit
                0x08014206                HAL_TIMEx_HallSensor_MspInit
                0x0801421a                HAL_TIMEx_HallSensor_MspDeInit
                0x0801422e                HAL_TIMEx_HallSensor_Start
                0x08014330                HAL_TIMEx_HallSensor_Stop
                0x080143a0                HAL_TIMEx_HallSensor_Start_IT
                0x080144b0                HAL_TIMEx_HallSensor_Stop_IT
                0x08014530                HAL_TIMEx_HallSensor_Start_DMA
                0x08014680                HAL_TIMEx_HallSensor_Stop_DMA
                0x080146fa                HAL_TIMEx_OCN_Start
                0x08014850                HAL_TIMEx_OCN_Stop
                0x0801490a                HAL_TIMEx_OCN_Start_IT
                0x08014ad0                HAL_TIMEx_OCN_Stop_IT
                0x08014c0e                HAL_TIMEx_OCN_Start_DMA
                0x08014ef0                HAL_TIMEx_OCN_Stop_DMA
                0x08015028                HAL_TIMEx_PWMN_Start
                0x08015180                HAL_TIMEx_PWMN_Stop
                0x0801523a                HAL_TIMEx_PWMN_Start_IT
                0x08015400                HAL_TIMEx_PWMN_Stop_IT
                0x0801553e                HAL_TIMEx_PWMN_Start_DMA
                0x08015820                HAL_TIMEx_PWMN_Stop_DMA
                0x08015958                HAL_TIMEx_OnePulseN_Start
                0x08015a02                HAL_TIMEx_OnePulseN_Stop
                0x08015ac0                HAL_TIMEx_OnePulseN_Start_IT
                0x08015b8a                HAL_TIMEx_OnePulseN_Stop_IT
                0x08015c68                HAL_TIMEx_ConfigCommutEvent
                0x08015d28                HAL_TIMEx_ConfigCommutEvent_IT
                0x08015de8                HAL_TIMEx_ConfigCommutEvent_DMA
                0x08015ecc                HAL_TIMEx_MasterConfigSynchronization
                0x08015fa8                HAL_TIMEx_ConfigBreakDeadTime
                0x0801604c                HAL_TIMEx_RemapConfig
                0x0801608a                HAL_TIMEx_CommutCallback
                0x0801609e                HAL_TIMEx_CommutHalfCpltCallback
                0x080160b2                HAL_TIMEx_BreakCallback
                0x080160c6                HAL_TIMEx_HallSensor_GetState
                0x080160e2                HAL_TIMEx_GetChannelNState
                0x08016134                TIMEx_DMACommutationCplt
                0x08016158                TIMEx_DMACommutationHalfCplt
 .text          0x080162bc     0x2dac ./Drivers/STM32F4xx_HAL_Driver/Src/stm32f4xx_hal_uart.o
                0x080162bc                HAL_UART_Init
                0x0801635c                HAL_HalfDuplex_Init
                0x0801640c                HAL_LIN_Init
                0x080164de                HAL_MultiProcessor_Init
                0x080165c4                HAL_UART_DeInit
                0x08016650                HAL_UART_Transmit
                0x08016766                HAL_UART_Receive
                0x08016894                HAL_UART_Transmit_IT
                0x08016900                HAL_UART_Receive_IT
                0x0801694a                HAL_UART_Transmit_DMA
                0x08016a28                HAL_UART_Receive_DMA
                0x08016a72                HAL_UART_DMAPause
                0x08016bac                HAL_UART_DMAResume
                0x08016cc8                HAL_UART_DMAStop
                0x08016dc6                HAL_UARTEx_ReceiveToIdle
                0x08016f6e                HAL_UARTEx_ReceiveToIdle_IT
                0x08017028                HAL_UARTEx_ReceiveToIdle_DMA
                0x080170e2                HAL_UARTEx_GetRxEventType
                0x080170fa                HAL_UART_Abort
                0x080172d0                HAL_UART_AbortTransmit
                0x080173a0                HAL_UART_AbortReceive
                0x080174e6                HAL_UART_Abort_IT
                0x08017710                HAL_UART_AbortTransmit_IT
                0x080177f8                HAL_UART_AbortReceive_IT
                0x0801795c                HAL_UART_IRQHandler
                0x08017e80                HAL_UART_TxCpltCallback
                0x08017e94                HAL_UART_TxHalfCpltCallback
                0x08017ebc                HAL_UART_RxHalfCpltCallback
                0x08017ee4                HAL_UART_AbortCpltCallback
                0x08017ef8                HAL_UART_AbortTransmitCpltCallback
                0x08017f0c                HAL_UART_AbortReceiveCpltCallback
                0x08017f20                HAL_UARTEx_RxEventCallback
                0x08017f38                HAL_LIN_SendBreak
                0x08017fb0                HAL_MultiProcessor_EnterMuteMode
                0x0801802e                HAL_MultiProcessor_ExitMuteMode
                0x080180ac                HAL_HalfDuplex_EnableTransmitter
                0x08018114                HAL_HalfDuplex_EnableReceiver
                0x0801817c                HAL_UART_GetState
                0x080181b8                HAL_UART_GetError
                0x08018534                UART_Start_Receive_IT
                0x080185a8                UART_Start_Receive_DMA
 .text          0x08019068      0x628 ./X-CUBE-AI/App/network.o
                0x08019270                ai_network_get_info
                0x08019340                ai_network_get_report
                0x08019418                ai_network_get_error
                0x08019430                ai_network_create
                0x0801945c                ai_network_create_and_init
                0x08019558                ai_network_inputs_get
                0x0801958c                ai_network_outputs_get
                0x080195c0                ai_network_destroy
                0x080195d8                ai_network_init
                0x08019650                ai_network_run
                0x08019670                ai_network_forward
 .text          0x08019690      0x134 ./X-CUBE-AI/App/network_data.o
                0x08019690                ai_network_data_activations_buffer_get
                0x080196f8                ai_network_data_weights_buffer_get
                0x08019760                ai_network_data_weights_get
                0x08019774                ai_network_data_params_get
 *fill*         0x080197c4        0xc 
 .text          0x080197d0       0xa0 E:/STM32CubeIDE/STM32CubeIDE_1.15.1/STM32CubeIDE/plugins/com.st.stm32cube.ide.mcu.externaltools.gnu-tools-for-stm32.12.3.rel1.win32_1.0.200.202406191623/tools/bin/../lib/gcc/arm-none-eabi/12.3.1/../../../../arm-none-eabi/lib/thumb/v7e-m+fp/hard\libc_nano.a(libc_a-memchr.o)
                0x080197d0                memchr
 .text          0x08019870       0x10 E:/STM32CubeIDE/STM32CubeIDE_1.15.1/STM32CubeIDE/plugins/com.st.stm32cube.ide.mcu.externaltools.gnu-tools-for-stm32.12.3.rel1.win32_1.0.200.202406191623/tools/bin/../lib/gcc/arm-none-eabi/12.3.1/../../../../arm-none-eabi/lib/thumb/v7e-m+fp/hard\libc_nano.a(libc_a-strlen.o)
                0x08019870                strlen
 .text          0x08019880      0x378 E:/STM32CubeIDE/STM32CubeIDE_1.15.1/STM32CubeIDE/plugins/com.st.stm32cube.ide.mcu.externaltools.gnu-tools-for-stm32.12.3.rel1.win32_1.0.200.202406191623/tools/bin/../lib/gcc/arm-none-eabi/12.3.1/thumb/v7e-m+fp/hard\libgcc.a(_arm_addsubdf3.o)
                0x08019880                __aeabi_drsub
                0x08019888                __aeabi_dsub
                0x08019888                __subdf3
                0x0801988c                __aeabi_dadd
                0x0801988c                __adddf3
                0x08019b04                __floatunsidf
                0x08019b04                __aeabi_ui2d
                0x08019b24                __floatsidf
                0x08019b24                __aeabi_i2d
                0x08019b48                __aeabi_f2d
                0x08019b48                __extendsfdf2
                0x08019b8c                __floatundidf
                0x08019b8c                __aeabi_ul2d
                0x08019b9c                __floatdidf
                0x08019b9c                __aeabi_l2d
 .text          0x08019bf8      0x424 E:/STM32CubeIDE/STM32CubeIDE_1.15.1/STM32CubeIDE/plugins/com.st.stm32cube.ide.mcu.externaltools.gnu-tools-for-stm32.12.3.rel1.win32_1.0.200.202406191623/tools/bin/../lib/gcc/arm-none-eabi/12.3.1/thumb/v7e-m+fp/hard\libgcc.a(_arm_muldivdf3.o)
                0x08019bf8                __aeabi_dmul
                0x08019bf8                __muldf3
                0x08019e4c                __divdf3
                0x08019e4c                __aeabi_ddiv
 .text          0x0801a01c      0x110 E:/STM32CubeIDE/STM32CubeIDE_1.15.1/STM32CubeIDE/plugins/com.st.stm32cube.ide.mcu.externaltools.gnu-tools-for-stm32.12.3.rel1.win32_1.0.200.202406191623/tools/bin/../lib/gcc/arm-none-eabi/12.3.1/thumb/v7e-m+fp/hard\libgcc.a(_arm_cmpdf2.o)
                0x0801a01c                __gtdf2
                0x0801a01c                __gedf2
                0x0801a024                __ltdf2
                0x0801a024                __ledf2
                0x0801a02c                __nedf2
                0x0801a02c                __eqdf2
                0x0801a02c                __cmpdf2
                0x0801a0a8                __aeabi_cdrcmple
                0x0801a0b8                __aeabi_cdcmpeq
                0x0801a0b8                __aeabi_cdcmple
                0x0801a0c8                __aeabi_dcmpeq
                0x0801a0dc                __aeabi_dcmplt
                0x0801a0f0                __aeabi_dcmple
                0x0801a104                __aeabi_dcmpge
                0x0801a118                __aeabi_dcmpgt
 .text          0x0801a12c       0x2c E:/STM32CubeIDE/STM32CubeIDE_1.15.1/STM32CubeIDE/plugins/com.st.stm32cube.ide.mcu.externaltools.gnu-tools-for-stm32.12.3.rel1.win32_1.0.200.202406191623/tools/bin/../lib/gcc/arm-none-eabi/12.3.1/thumb/v7e-m+fp/hard\libgcc.a(_arm_unorddf2.o)
                0x0801a12c                __unorddf2
                0x0801a12c                __aeabi_dcmpun
 .text          0x0801a158       0x50 E:/STM32CubeIDE/STM32CubeIDE_1.15.1/STM32CubeIDE/plugins/com.st.stm32cube.ide.mcu.externaltools.gnu-tools-for-stm32.12.3.rel1.win32_1.0.200.202406191623/tools/bin/../lib/gcc/arm-none-eabi/12.3.1/thumb/v7e-m+fp/hard\libgcc.a(_arm_fixdfsi.o)
                0x0801a158                __aeabi_d2iz
                0x0801a158                __fixdfsi
 .text          0x0801a1a8       0x40 E:/STM32CubeIDE/STM32CubeIDE_1.15.1/STM32CubeIDE/plugins/com.st.stm32cube.ide.mcu.externaltools.gnu-tools-for-stm32.12.3.rel1.win32_1.0.200.202406191623/tools/bin/../lib/gcc/arm-none-eabi/12.3.1/thumb/v7e-m+fp/hard\libgcc.a(_arm_fixunsdfsi.o)
                0x0801a1a8                __aeabi_d2uiz
                0x0801a1a8                __fixunsdfsi
 .text          0x0801a1e8       0xa0 E:/STM32CubeIDE/STM32CubeIDE_1.15.1/STM32CubeIDE/plugins/com.st.stm32cube.ide.mcu.externaltools.gnu-tools-for-stm32.12.3.rel1.win32_1.0.200.202406191623/tools/bin/../lib/gcc/arm-none-eabi/12.3.1/thumb/v7e-m+fp/hard\libgcc.a(_arm_truncdfsf2.o)
                0x0801a1e8                __truncdfsf2
                0x0801a1e8                __aeabi_d2f
 .text          0x0801a288       0x30 E:/STM32CubeIDE/STM32CubeIDE_1.15.1/STM32CubeIDE/plugins/com.st.stm32cube.ide.mcu.externaltools.gnu-tools-for-stm32.12.3.rel1.win32_1.0.200.202406191623/tools/bin/../lib/gcc/arm-none-eabi/12.3.1/thumb/v7e-m+fp/hard\libgcc.a(_aeabi_uldivmod.o)
                0x0801a288                __aeabi_uldivmod
 .text          0x0801a2b8       0x30 E:/STM32CubeIDE/STM32CubeIDE_1.15.1/STM32CubeIDE/plugins/com.st.stm32cube.ide.mcu.externaltools.gnu-tools-for-stm32.12.3.rel1.win32_1.0.200.202406191623/tools/bin/../lib/gcc/arm-none-eabi/12.3.1/thumb/v7e-m+fp/hard\libgcc.a(_fixdfdi.o)
                0x0801a2b8                __fixdfdi
                0x0801a2b8                __aeabi_d2lz
 .text          0x0801a2e8       0x3c E:/STM32CubeIDE/STM32CubeIDE_1.15.1/STM32CubeIDE/plugins/com.st.stm32cube.ide.mcu.externaltools.gnu-tools-for-stm32.12.3.rel1.win32_1.0.200.202406191623/tools/bin/../lib/gcc/arm-none-eabi/12.3.1/thumb/v7e-m+fp/hard\libgcc.a(_fixunsdfdi.o)
                0x0801a2e8                __fixunsdfdi
                0x0801a2e8                __aeabi_d2ulz
 .text          0x0801a324      0x2bc E:/STM32CubeIDE/STM32CubeIDE_1.15.1/STM32CubeIDE/plugins/com.st.stm32cube.ide.mcu.externaltools.gnu-tools-for-stm32.12.3.rel1.win32_1.0.200.202406191623/tools/bin/../lib/gcc/arm-none-eabi/12.3.1/thumb/v7e-m+fp/hard\libgcc.a(_udivmoddi4.o)
                0x0801a324                __udivmoddi4
 .text          0x0801a5e0        0x4 E:/STM32CubeIDE/STM32CubeIDE_1.15.1/STM32CubeIDE/plugins/com.st.stm32cube.ide.mcu.externaltools.gnu-tools-for-stm32.12.3.rel1.win32_1.0.200.202406191623/tools/bin/../lib/gcc/arm-none-eabi/12.3.1/thumb/v7e-m+fp/hard\libgcc.a(_dvmd_tls.o)
                0x0801a5e0                __aeabi_idiv0
                0x0801a5e0                __aeabi_ldiv0
 *(.text*)
 .text.Reset_Handler
                0x0801a5e4       0x50 ./startup/startup_stm32f401retx.o
                0x0801a5e4                Reset_Handler
 .text.Default_Handler
                0x0801a634        0x2 ./startup/startup_stm32f401retx.o
                0x0801a634                RTC_Alarm_IRQHandler
                0x0801a634                EXTI2_IRQHandler
                0x0801a634                SPI4_IRQHandler
                0x0801a634                TIM1_CC_IRQHandler
                0x0801a634                DMA2_Stream5_IRQHandler
                0x0801a634                DMA1_Stream5_IRQHandler
                0x0801a634                PVD_IRQHandler
                0x0801a634                SDIO_IRQHandler
                0x0801a634                TAMP_STAMP_IRQHandler
                0x0801a634                EXTI3_IRQHandler
                0x0801a634                TIM1_UP_TIM10_IRQHandler
                0x0801a634                I2C3_ER_IRQHandler
                0x0801a634                EXTI0_IRQHandler
                0x0801a634                I2C2_EV_IRQHandler
                0x0801a634                DMA1_Stream2_IRQHandler
                0x0801a634                FPU_IRQHandler
                0x0801a634                DMA2_Stream2_IRQHandler
                0x0801a634                SPI1_IRQHandler
                0x0801a634                TIM1_BRK_TIM9_IRQHandler
                0x0801a634                DMA2_Stream3_IRQHandler
                0x0801a634                USART6_IRQHandler
                0x0801a634                DMA2_Stream0_IRQHandler
                0x0801a634                TIM4_IRQHandler
                0x0801a634                I2C1_EV_IRQHandler
                0x0801a634                DMA1_Stream6_IRQHandler
                0x0801a634                DMA1_Stream1_IRQHandler
                0x0801a634                TIM3_IRQHandler
                0x0801a634                RCC_IRQHandler
                0x0801a634                Default_Handler
                0x0801a634                EXTI15_10_IRQHandler
                0x0801a634                ADC_IRQHandler
                0x0801a634                DMA1_Stream7_IRQHandler
                0x0801a634                TIM5_IRQHandler
                0x0801a634                DMA2_Stream7_IRQHandler
                0x0801a634                I2C3_EV_IRQHandler
                0x0801a634                EXTI9_5_IRQHandler
                0x0801a634                RTC_WKUP_IRQHandler
                0x0801a634                SPI2_IRQHandler
                0x0801a634                DMA1_Stream0_IRQHandler
                0x0801a634                WWDG_IRQHandler
                0x0801a634                TIM2_IRQHandler
                0x0801a634                OTG_FS_WKUP_IRQHandler
                0x0801a634                TIM1_TRG_COM_TIM11_IRQHandler
                0x0801a634                EXTI1_IRQHandler
                0x0801a634                I2C2_ER_IRQHandler
                0x0801a634                DMA2_Stream1_IRQHandler
                0x0801a634                FLASH_IRQHandler
                0x0801a634                DMA2_Stream4_IRQHandler
                0x0801a634                USART1_IRQHandler
                0x0801a634                OTG_FS_IRQHandler
                0x0801a634                SPI3_IRQHandler
                0x0801a634                DMA1_Stream4_IRQHandler
                0x0801a634                I2C1_ER_IRQHandler
                0x0801a634                DMA2_Stream6_IRQHandler
                0x0801a634                DMA1_Stream3_IRQHandler
 *fill*         0x0801a636        0x2 
 .text.ai_buffer_get_size
                0x0801a638       0x68 ../Middlewares/ST/AI/Lib\NetworkRuntime900_CM4_GCC.a(ai_platform.o)
                0x0801a638                ai_buffer_get_size
 .text.ai_buffer_array_sane
                0x0801a6a0       0x14 ../Middlewares/ST/AI/Lib\NetworkRuntime900_CM4_GCC.a(ai_platform.o)
                0x0801a6a0                ai_buffer_array_sane
 .text.ai_buffer_array_item_set_address
                0x0801a6b4       0x20 ../Middlewares/ST/AI/Lib\NetworkRuntime900_CM4_GCC.a(ai_platform.o)
                0x0801a6b4                ai_buffer_array_item_set_address
 .text.ai_platform_get_weights_map
                0x0801a6d4       0xa8 ../Middlewares/ST/AI/Lib\NetworkRuntime900_CM4_GCC.a(ai_platform_interface.o)
                0x0801a6d4                ai_platform_get_weights_map
 .text.ai_platform_get_activations_map
                0x0801a77c       0xa8 ../Middlewares/ST/AI/Lib\NetworkRuntime900_CM4_GCC.a(ai_platform_interface.o)
                0x0801a77c                ai_platform_get_activations_map
 .text.ai_platform_bind_network_params
                0x0801a824       0x44 ../Middlewares/ST/AI/Lib\NetworkRuntime900_CM4_GCC.a(ai_platform_interface.o)
                0x0801a824                ai_platform_bind_network_params
 .text.ai_platform_runtime_get_revision
                0x0801a868        0x8 ../Middlewares/ST/AI/Lib\NetworkRuntime900_CM4_GCC.a(ai_platform_interface.o)
                0x0801a868                ai_platform_runtime_get_revision
 .text.ai_platform_runtime_get_version
                0x0801a870        0x8 ../Middlewares/ST/AI/Lib\NetworkRuntime900_CM4_GCC.a(ai_platform_interface.o)
                0x0801a870                ai_platform_runtime_get_version
 .text.ai_platform_api_get_version
                0x0801a878       0x2c ../Middlewares/ST/AI/Lib\NetworkRuntime900_CM4_GCC.a(ai_platform_interface.o)
                0x0801a878                ai_platform_api_get_version
 .text.ai_platform_interface_api_get_version
                0x0801a8a4       0x2c ../Middlewares/ST/AI/Lib\NetworkRuntime900_CM4_GCC.a(ai_platform_interface.o)
                0x0801a8a4                ai_platform_interface_api_get_version
 .text.ai_platform_context_acquire
                0x0801a8d0       0x10 ../Middlewares/ST/AI/Lib\NetworkRuntime900_CM4_GCC.a(ai_platform_interface.o)
                0x0801a8d0                ai_platform_context_acquire
 .text.ai_platform_network_get_error
                0x0801a8e0       0x18 ../Middlewares/ST/AI/Lib\NetworkRuntime900_CM4_GCC.a(ai_platform_interface.o)
                0x0801a8e0                ai_platform_network_get_error
 .text.ai_platform_network_set_error
                0x0801a8f8        0xc ../Middlewares/ST/AI/Lib\NetworkRuntime900_CM4_GCC.a(ai_platform_interface.o)
                0x0801a8f8                ai_platform_network_set_error
 .text.ai_platform_inputs_get
                0x0801a904       0xec ../Middlewares/ST/AI/Lib\NetworkRuntime900_CM4_GCC.a(ai_platform_interface.o)
                0x0801a904                ai_platform_inputs_get
 .text.ai_platform_outputs_get
                0x0801a9f0       0xe8 ../Middlewares/ST/AI/Lib\NetworkRuntime900_CM4_GCC.a(ai_platform_interface.o)
                0x0801a9f0                ai_platform_outputs_get
 .text.ai_platform_api_get_network_report
                0x0801aad8      0x35c ../Middlewares/ST/AI/Lib\NetworkRuntime900_CM4_GCC.a(ai_platform_interface.o)
                0x0801aad8                ai_platform_api_get_network_report
 .text.ai_platform_network_create
                0x0801ae34       0x84 ../Middlewares/ST/AI/Lib\NetworkRuntime900_CM4_GCC.a(ai_platform_interface.o)
                0x0801ae34                ai_platform_network_create
 .text.ai_platform_network_destroy
                0x0801aeb8       0x24 ../Middlewares/ST/AI/Lib\NetworkRuntime900_CM4_GCC.a(ai_platform_interface.o)
                0x0801aeb8                ai_platform_network_destroy
 .text.ai_platform_network_init
                0x0801aedc      0x19c ../Middlewares/ST/AI/Lib\NetworkRuntime900_CM4_GCC.a(ai_platform_interface.o)
                0x0801aedc                ai_platform_network_init
 .text.ai_platform_network_post_init
                0x0801b078       0x60 ../Middlewares/ST/AI/Lib\NetworkRuntime900_CM4_GCC.a(ai_platform_interface.o)
                0x0801b078                ai_platform_network_post_init
 .text.ai_platform_network_process
                0x0801b0d8      0x480 ../Middlewares/ST/AI/Lib\NetworkRuntime900_CM4_GCC.a(ai_platform_interface.o)
                0x0801b0d8                ai_platform_network_process
 .text.core_init
                0x0801b558        0x4 ../Middlewares/ST/AI/Lib\NetworkRuntime900_CM4_GCC.a(core_common.o)
                0x0801b558                core_init
 .text.core_get_error
                0x0801b55c        0xc ../Middlewares/ST/AI/Lib\NetworkRuntime900_CM4_GCC.a(core_common.o)
                0x0801b55c                core_get_error
 .text.core_set_error
                0x0801b568       0x18 ../Middlewares/ST/AI/Lib\NetworkRuntime900_CM4_GCC.a(core_common.o)
                0x0801b568                core_set_error
 .text.ai_check_custom_types
                0x0801b580       0x54 ../Middlewares/ST/AI/Lib\NetworkRuntime900_CM4_GCC.a(layers.o)
                0x0801b580                ai_check_custom_types
 .text.ai_layers_init_all
                0x0801b5d4       0x1c ../Middlewares/ST/AI/Lib\NetworkRuntime900_CM4_GCC.a(layers.o)
                0x0801b5d4                ai_layers_init_all
 .text.ai_layers_post_init_all
                0x0801b5f0       0x28 ../Middlewares/ST/AI/Lib\NetworkRuntime900_CM4_GCC.a(layers.o)
                0x0801b5f0                ai_layers_post_init_all
 .text.ai_layers_forward_all
                0x0801b618       0x94 ../Middlewares/ST/AI/Lib\NetworkRuntime900_CM4_GCC.a(layers.o)
                0x0801b618                ai_layers_forward_all
 .text.ai_layers_destroy_all
                0x0801b6ac       0x28 ../Middlewares/ST/AI/Lib\NetworkRuntime900_CM4_GCC.a(layers.o)
                0x0801b6ac                ai_layers_destroy_all
 .text.forward_conv2d_if32of32wf32_nl_pool
                0x0801b6d4      0x2c8 ../Middlewares/ST/AI/Lib\NetworkRuntime900_CM4_GCC.a(layers_conv2d_generic_float.o)
                0x0801b6d4                forward_conv2d_if32of32wf32_nl_pool
 .text.forward_dense
                0x0801b99c      0x3e0 ../Middlewares/ST/AI/Lib\NetworkRuntime900_CM4_GCC.a(layers_conv2d_generic_float.o)
                0x0801b99c                forward_dense
 .text.forward_relu
                0x0801bd7c      0x138 ../Middlewares/ST/AI/Lib\NetworkRuntime900_CM4_GCC.a(layers_nl_generic_float.o)
                0x0801bd7c                forward_relu
 .text.forward_sm
                0x0801beb4       0x78 ../Middlewares/ST/AI/Lib\NetworkRuntime900_CM4_GCC.a(layers_nl_generic_float.o)
                0x0801beb4                forward_sm
 .text.ai_conv2d_kernel_simple_opt_f32.constprop.0
                0x0801bf2c      0x220 ../Middlewares/ST/AI/Lib\NetworkRuntime900_CM4_GCC.a(forward_lite_conv2d_if32of32wf32.o)
 .text.forward_lite_conv2d_if32of32wf32_pool
                0x0801c14c      0x5bc ../Middlewares/ST/AI/Lib\NetworkRuntime900_CM4_GCC.a(forward_lite_conv2d_if32of32wf32.o)
                0x0801c14c                forward_lite_conv2d_if32of32wf32_pool
 .text.forward_lite_nl_softmax_if32of32_kernel
                0x0801c708       0x94 ../Middlewares/ST/AI/Lib\NetworkRuntime900_CM4_GCC.a(lite_nl_softmax_if32of32.o)
                0x0801c708                forward_lite_nl_softmax_if32of32_kernel
 .text.forward_lite_nl_relu_generic_if32of32_kernel
                0x0801c79c       0xfc ../Middlewares/ST/AI/Lib\NetworkRuntime900_CM4_GCC.a(lite_nl_relu_if32of32.o)
                0x0801c79c                forward_lite_nl_relu_generic_if32of32_kernel
 .text.pool_func_mp_array_f32
                0x0801c898      0x450 ../Middlewares/ST/AI/Lib\NetworkRuntime900_CM4_GCC.a(forward_lite_pool_f32.o)
                0x0801c898                pool_func_mp_array_f32
 .text.forward_lite_dense_if32of32wf32
                0x0801cce8      0x2b4 ../Middlewares/ST/AI/Lib\NetworkRuntime900_CM4_GCC.a(lite_dense_if32.o)
                0x0801cce8                forward_lite_dense_if32of32wf32
 .text.forward_lite_nl_relu_if32of32
                0x0801cf9c       0x44 ../Middlewares/ST/AI/Lib\NetworkRuntime900_CM4_GCC.a(lite_nl_generic_float.o)
                0x0801cf9c                forward_lite_nl_relu_if32of32
 .text.st_int8_copy
                0x0801cfe0      0x10c ../Middlewares/ST/AI/Lib\NetworkRuntime900_CM4_GCC.a(st_int8_fill.o)
                0x0801cfe0                st_int8_copy
 .text.ai_array_to_buffer_fmt
                0x0801d0ec       0xe0 ../Middlewares/ST/AI/Lib\NetworkRuntime900_CM4_GCC.a(ai_datatypes_format.o)
                0x0801d0ec                ai_array_to_buffer_fmt
 .text.ai_array_get_byte_size
                0x0801d1cc       0x50 ../Middlewares/ST/AI/Lib\NetworkRuntime900_CM4_GCC.a(ai_datatypes_format.o)
                0x0801d1cc                ai_array_get_byte_size
 .text.ai_array_get_data_byte_size
                0x0801d21c       0x24 ../Middlewares/ST/AI/Lib\NetworkRuntime900_CM4_GCC.a(ai_datatypes_format.o)
                0x0801d21c                ai_array_get_data_byte_size
 .text.ai_version_get
                0x0801d240        0xc ../Middlewares/ST/AI/Lib\NetworkRuntime900_CM4_GCC.a(ai_datatypes_internal.o)
                0x0801d240                ai_version_get
 .text.ai_platform_version_get
                0x0801d24c       0x24 ../Middlewares/ST/AI/Lib\NetworkRuntime900_CM4_GCC.a(ai_datatypes_internal.o)
                0x0801d24c                ai_platform_version_get
 .text.get_tensor_byte_size
                0x0801d270       0x30 ../Middlewares/ST/AI/Lib\NetworkRuntime900_CM4_GCC.a(ai_datatypes_internal.o)
                0x0801d270                get_tensor_byte_size
 .text.GW_init  0x0801d2a0      0x198 ../GesturesMZ\libGesturesMZ_debug.a(gwmz.o)
                0x0801d2a0                GW_init
 .text.GW_set_params
                0x0801d438      0x480 ../GesturesMZ\libGesturesMZ_debug.a(gwmz.o)
                0x0801d438                GW_set_params
 .text.GW_set_frequency
                0x0801d8b8       0xa4 ../GesturesMZ\libGesturesMZ_debug.a(gwmz.o)
                0x0801d8b8                GW_set_frequency
 .text.GW_set_buffer_length
                0x0801d95c      0x1cc ../GesturesMZ\libGesturesMZ_debug.a(gwmz.o)
                0x0801d95c                GW_set_buffer_length
 .text.GW_run   0x0801db28      0x134 ../GesturesMZ\libGesturesMZ_debug.a(gwmz.o)
                0x0801db28                GW_run
 .text.GW_update_hand_buffers
                0x0801dc5c      0x2b0 ../GesturesMZ\libGesturesMZ_debug.a(gwmz.o)
                0x0801dc5c                GW_update_hand_buffers
 .text.GW_compute_speeds
                0x0801df0c      0x4dc ../GesturesMZ\libGesturesMZ_debug.a(gwmz.o)
                0x0801df0c                GW_compute_speeds
 .text.GW_interpret_speeds
                0x0801e3e8      0x870 ../GesturesMZ\libGesturesMZ_debug.a(gwmz.o)
                0x0801e3e8                GW_interpret_speeds
 .text.GW_update_prediction
                0x0801ec58      0x4f0 ../GesturesMZ\libGesturesMZ_debug.a(gwmz.o)
                0x0801ec58                GW_update_prediction
 .text.GW_filter_prediction
                0x0801f148      0x1c0 ../GesturesMZ\libGesturesMZ_debug.a(gwmz.o)
                0x0801f148                GW_filter_prediction
 .text.GW_level_control
                0x0801f308       0xbc ../GesturesMZ\libGesturesMZ_debug.a(gwmz.o)
                0x0801f308                GW_level_control
 .text.setLevelController
                0x0801f3c4       0xb8 ../GesturesMZ\libGesturesMZ_debug.a(gwmz.o)
                0x0801f3c4                setLevelController
 .text.setPolarLevelController
                0x0801f47c      0x160 ../GesturesMZ\libGesturesMZ_debug.a(gwmz.o)
                0x0801f47c                setPolarLevelController
 .text.HT_init  0x0801f5dc       0xd8 ../GesturesMZ\libGesturesMZ_debug.a(htmz.o)
                0x0801f5dc                HT_init
 .text.HT_set_params
                0x0801f6b4      0x144 ../GesturesMZ\libGesturesMZ_debug.a(htmz.o)
                0x0801f6b4                HT_set_params
 .text.HT_set_frequency
                0x0801f7f8      0x164 ../GesturesMZ\libGesturesMZ_debug.a(htmz.o)
                0x0801f7f8                HT_set_frequency
 .text.HT_set_path_length
                0x0801f95c       0xc4 ../GesturesMZ\libGesturesMZ_debug.a(htmz.o)
                0x0801f95c                HT_set_path_length
 .text.HT_set_square_resolution
                0x0801fa20       0x98 ../GesturesMZ\libGesturesMZ_debug.a(htmz.o)
                0x0801fa20                HT_set_square_resolution
 .text.HT_struct_init
                0x0801fab8       0xa4 ../GesturesMZ\libGesturesMZ_debug.a(htmz.o)
                0x0801fab8                HT_struct_init
 .text.HT_run   0x0801fb5c       0x74 ../GesturesMZ\libGesturesMZ_debug.a(htmz.o)
                0x0801fb5c                HT_run
 .text.HT_find_hand
                0x0801fbd0     0x11fc ../GesturesMZ\libGesturesMZ_debug.a(htmz.o)
                0x0801fbd0                HT_find_hand
 .text.HT_update_path
                0x08020dcc      0x19c ../GesturesMZ\libGesturesMZ_debug.a(htmz.o)
                0x08020dcc                HT_update_path
 .text.HT_path_interpolate
                0x08020f68      0x250 ../GesturesMZ\libGesturesMZ_debug.a(htmz.o)
                0x08020f68                HT_path_interpolate
 .text.taylor_atan
                0x080211b8      0x1ac ../GesturesMZ\libGesturesMZ_debug.a(opti_math.o)
                0x080211b8                taylor_atan
 .text.taylor_sqrt
                0x08021364       0xc0 ../GesturesMZ\libGesturesMZ_debug.a(opti_math.o)
                0x08021364                taylor_sqrt
 .text.RFBVM_init
                0x08021424       0x6c ../GesturesMZ\libGesturesMZ_debug.a(ring_fbuffer_vm.o)
                0x08021424                RFBVM_init
 .text.RFBVM_push
                0x08021490       0x9e ../GesturesMZ\libGesturesMZ_debug.a(ring_fbuffer_vm.o)
                0x08021490                RFBVM_push
 .text.RFBVM_fill
                0x0802152e       0x52 ../GesturesMZ\libGesturesMZ_debug.a(ring_fbuffer_vm.o)
                0x0802152e                RFBVM_fill
 .text.RFBVM_full
                0x08021580       0x2a ../GesturesMZ\libGesturesMZ_debug.a(ring_fbuffer_vm.o)
                0x08021580                RFBVM_full
 .text.RFBVM_sum
                0x080215aa       0x68 ../GesturesMZ\libGesturesMZ_debug.a(ring_fbuffer_vm.o)
                0x080215aa                RFBVM_sum
 .text.RFBVM_mean
                0x08021612       0x48 ../GesturesMZ\libGesturesMZ_debug.a(ring_fbuffer_vm.o)
                0x08021612                RFBVM_mean
 .text.RFBVM_get_element_value
                0x0802165a       0x36 ../GesturesMZ\libGesturesMZ_debug.a(ring_fbuffer_vm.o)
                0x0802165a                RFBVM_get_element_value
 .text.RFBVM_set_element_value
                0x08021690       0x34 ../GesturesMZ\libGesturesMZ_debug.a(ring_fbuffer_vm.o)
                0x08021690                RFBVM_set_element_value
 .text.RFBVM_get_element_pointer
                0x080216c4       0x58 ../GesturesMZ\libGesturesMZ_debug.a(ring_fbuffer_vm.o)
                0x080216c4                RFBVM_get_element_pointer
 .text.SEN_init
                0x0802171c       0x78 ../GesturesMZ\libGesturesMZ_debug.a(sensor.o)
                0x0802171c                SEN_init
 .text.SEN_set_orientation
                0x08021794       0x50 ../GesturesMZ\libGesturesMZ_debug.a(sensor.o)
                0x08021794                SEN_set_orientation
 .text.SEN_set_frequency
                0x080217e4       0x64 ../GesturesMZ\libGesturesMZ_debug.a(sensor.o)
                0x080217e4                SEN_set_frequency
 .text.SEN_set_resolution
                0x08021848       0x88 ../GesturesMZ\libGesturesMZ_debug.a(sensor.o)
                0x08021848                SEN_set_resolution
 .text.SEN_set_square_resolution
                0x080218d0       0xa8 ../GesturesMZ\libGesturesMZ_debug.a(sensor.o)
                0x080218d0                SEN_set_square_resolution
 .text.SEN_set_data
                0x08021978       0x94 ../GesturesMZ\libGesturesMZ_debug.a(sensor.o)
                0x08021978                SEN_set_data
 .text.SEN_idx_to_col_row
                0x08021a0c      0x170 ../GesturesMZ\libGesturesMZ_debug.a(sensor.o)
                0x08021a0c                SEN_idx_to_col_row
 .text.SEN_col_row_to_idx
                0x08021b7c      0x14c ../GesturesMZ\libGesturesMZ_debug.a(sensor.o)
                0x08021b7c                SEN_col_row_to_idx
 .text.SEN_idx_to_mm
                0x08021cc8       0x9c ../GesturesMZ\libGesturesMZ_debug.a(sensor.o)
                0x08021cc8                SEN_idx_to_mm
 .text.SEN_col_row_to_mm
                0x08021d64       0xf0 ../GesturesMZ\libGesturesMZ_debug.a(sensor.o)
                0x08021d64                SEN_col_row_to_mm
 .text.SEN_mm_to_col_row
                0x08021e54      0x170 ../GesturesMZ\libGesturesMZ_debug.a(sensor.o)
                0x08021e54                SEN_mm_to_col_row
 .text.SEN_mm_to_idx
                0x08021fc4       0x8c ../GesturesMZ\libGesturesMZ_debug.a(sensor.o)
                0x08021fc4                SEN_mm_to_idx
 .text.SEN_zone_size
                0x08022050      0x134 ../GesturesMZ\libGesturesMZ_debug.a(sensor.o)
                0x08022050                SEN_zone_size
 .text.SEN_actual_res
                0x08022184       0x64 ../GesturesMZ\libGesturesMZ_debug.a(sensor.o)
                0x08022184                SEN_actual_res
 .text.malloc   0x080221e8       0x10 E:/STM32CubeIDE/STM32CubeIDE_1.15.1/STM32CubeIDE/plugins/com.st.stm32cube.ide.mcu.externaltools.gnu-tools-for-stm32.12.3.rel1.win32_1.0.200.202406191623/tools/bin/../lib/gcc/arm-none-eabi/12.3.1/../../../../arm-none-eabi/lib/thumb/v7e-m+fp/hard\libc_nano.a(libc_a-malloc.o)
                0x080221e8                malloc
 .text.sbrk_aligned
                0x080221f8       0x44 E:/STM32CubeIDE/STM32CubeIDE_1.15.1/STM32CubeIDE/plugins/com.st.stm32cube.ide.mcu.externaltools.gnu-tools-for-stm32.12.3.rel1.win32_1.0.200.202406191623/tools/bin/../lib/gcc/arm-none-eabi/12.3.1/../../../../arm-none-eabi/lib/thumb/v7e-m+fp/hard\libc_nano.a(libc_a-mallocr.o)
 .text._malloc_r
                0x0802223c      0x100 E:/STM32CubeIDE/STM32CubeIDE_1.15.1/STM32CubeIDE/plugins/com.st.stm32cube.ide.mcu.externaltools.gnu-tools-for-stm32.12.3.rel1.win32_1.0.200.202406191623/tools/bin/../lib/gcc/arm-none-eabi/12.3.1/../../../../arm-none-eabi/lib/thumb/v7e-m+fp/hard\libc_nano.a(libc_a-mallocr.o)
                0x0802223c                _malloc_r
 .text.__malloc_lock
                0x0802233c        0xc E:/STM32CubeIDE/STM32CubeIDE_1.15.1/STM32CubeIDE/plugins/com.st.stm32cube.ide.mcu.externaltools.gnu-tools-for-stm32.12.3.rel1.win32_1.0.200.202406191623/tools/bin/../lib/gcc/arm-none-eabi/12.3.1/../../../../arm-none-eabi/lib/thumb/v7e-m+fp/hard\libc_nano.a(libc_a-mlock.o)
                0x0802233c                __malloc_lock
 .text.__malloc_unlock
                0x08022348        0xc E:/STM32CubeIDE/STM32CubeIDE_1.15.1/STM32CubeIDE/plugins/com.st.stm32cube.ide.mcu.externaltools.gnu-tools-for-stm32.12.3.rel1.win32_1.0.200.202406191623/tools/bin/../lib/gcc/arm-none-eabi/12.3.1/../../../../arm-none-eabi/lib/thumb/v7e-m+fp/hard\libc_nano.a(libc_a-mlock.o)
                0x08022348                __malloc_unlock
 .text._realloc_r
                0x08022354       0x5c E:/STM32CubeIDE/STM32CubeIDE_1.15.1/STM32CubeIDE/plugins/com.st.stm32cube.ide.mcu.externaltools.gnu-tools-for-stm32.12.3.rel1.win32_1.0.200.202406191623/tools/bin/../lib/gcc/arm-none-eabi/12.3.1/../../../../arm-none-eabi/lib/thumb/v7e-m+fp/hard\libc_nano.a(libc_a-reallocr.o)
                0x08022354                _realloc_r
 .text.__cvt    0x080223b0       0xca E:/STM32CubeIDE/STM32CubeIDE_1.15.1/STM32CubeIDE/plugins/com.st.stm32cube.ide.mcu.externaltools.gnu-tools-for-stm32.12.3.rel1.win32_1.0.200.202406191623/tools/bin/../lib/gcc/arm-none-eabi/12.3.1/../../../../arm-none-eabi/lib/thumb/v7e-m+fp/hard\libc_nano.a(libc_a-nano-vfprintf_float.o)
                0x080223b0                __cvt
 .text.__exponent
                0x0802247a       0x74 E:/STM32CubeIDE/STM32CubeIDE_1.15.1/STM32CubeIDE/plugins/com.st.stm32cube.ide.mcu.externaltools.gnu-tools-for-stm32.12.3.rel1.win32_1.0.200.202406191623/tools/bin/../lib/gcc/arm-none-eabi/12.3.1/../../../../arm-none-eabi/lib/thumb/v7e-m+fp/hard\libc_nano.a(libc_a-nano-vfprintf_float.o)
                0x0802247a                __exponent
 *fill*         0x080224ee        0x2 
 .text._printf_float
                0x080224f0      0x454 E:/STM32CubeIDE/STM32CubeIDE_1.15.1/STM32CubeIDE/plugins/com.st.stm32cube.ide.mcu.externaltools.gnu-tools-for-stm32.12.3.rel1.win32_1.0.200.202406191623/tools/bin/../lib/gcc/arm-none-eabi/12.3.1/../../../../arm-none-eabi/lib/thumb/v7e-m+fp/hard\libc_nano.a(libc_a-nano-vfprintf_float.o)
                0x080224f0                _printf_float
 .text._printf_common
                0x08022944       0xda E:/STM32CubeIDE/STM32CubeIDE_1.15.1/STM32CubeIDE/plugins/com.st.stm32cube.ide.mcu.externaltools.gnu-tools-for-stm32.12.3.rel1.win32_1.0.200.202406191623/tools/bin/../lib/gcc/arm-none-eabi/12.3.1/../../../../arm-none-eabi/lib/thumb/v7e-m+fp/hard\libc_nano.a(libc_a-nano-vfprintf_i.o)
                0x08022944                _printf_common
 *fill*         0x08022a1e        0x2 
 .text._printf_i
                0x08022a20      0x240 E:/STM32CubeIDE/STM32CubeIDE_1.15.1/STM32CubeIDE/plugins/com.st.stm32cube.ide.mcu.externaltools.gnu-tools-for-stm32.12.3.rel1.win32_1.0.200.202406191623/tools/bin/../lib/gcc/arm-none-eabi/12.3.1/../../../../arm-none-eabi/lib/thumb/v7e-m+fp/hard\libc_nano.a(libc_a-nano-vfprintf_i.o)
                0x08022a20                _printf_i
 .text._scanf_float
                0x08022c60      0x428 E:/STM32CubeIDE/STM32CubeIDE_1.15.1/STM32CubeIDE/plugins/com.st.stm32cube.ide.mcu.externaltools.gnu-tools-for-stm32.12.3.rel1.win32_1.0.200.202406191623/tools/bin/../lib/gcc/arm-none-eabi/12.3.1/../../../../arm-none-eabi/lib/thumb/v7e-m+fp/hard\libc_nano.a(libc_a-nano-vfscanf_float.o)
                0x08022c60                _scanf_float
 .text.std      0x08023088       0x6c E:/STM32CubeIDE/STM32CubeIDE_1.15.1/STM32CubeIDE/plugins/com.st.stm32cube.ide.mcu.externaltools.gnu-tools-for-stm32.12.3.rel1.win32_1.0.200.202406191623/tools/bin/../lib/gcc/arm-none-eabi/12.3.1/../../../../arm-none-eabi/lib/thumb/v7e-m+fp/hard\libc_nano.a(libc_a-findfp.o)
 .text.stdio_exit_handler
                0x080230f4       0x18 E:/STM32CubeIDE/STM32CubeIDE_1.15.1/STM32CubeIDE/plugins/com.st.stm32cube.ide.mcu.externaltools.gnu-tools-for-stm32.12.3.rel1.win32_1.0.200.202406191623/tools/bin/../lib/gcc/arm-none-eabi/12.3.1/../../../../arm-none-eabi/lib/thumb/v7e-m+fp/hard\libc_nano.a(libc_a-findfp.o)
 .text.cleanup_stdio
                0x0802310c       0x40 E:/STM32CubeIDE/STM32CubeIDE_1.15.1/STM32CubeIDE/plugins/com.st.stm32cube.ide.mcu.externaltools.gnu-tools-for-stm32.12.3.rel1.win32_1.0.200.202406191623/tools/bin/../lib/gcc/arm-none-eabi/12.3.1/../../../../arm-none-eabi/lib/thumb/v7e-m+fp/hard\libc_nano.a(libc_a-findfp.o)
 .text.global_stdio_init.part.0
                0x0802314c       0x3c E:/STM32CubeIDE/STM32CubeIDE_1.15.1/STM32CubeIDE/plugins/com.st.stm32cube.ide.mcu.externaltools.gnu-tools-for-stm32.12.3.rel1.win32_1.0.200.202406191623/tools/bin/../lib/gcc/arm-none-eabi/12.3.1/../../../../arm-none-eabi/lib/thumb/v7e-m+fp/hard\libc_nano.a(libc_a-findfp.o)
 .text.__sfp_lock_acquire
                0x08023188        0xc E:/STM32CubeIDE/STM32CubeIDE_1.15.1/STM32CubeIDE/plugins/com.st.stm32cube.ide.mcu.externaltools.gnu-tools-for-stm32.12.3.rel1.win32_1.0.200.202406191623/tools/bin/../lib/gcc/arm-none-eabi/12.3.1/../../../../arm-none-eabi/lib/thumb/v7e-m+fp/hard\libc_nano.a(libc_a-findfp.o)
                0x08023188                __sfp_lock_acquire
 .text.__sfp_lock_release
                0x08023194        0xc E:/STM32CubeIDE/STM32CubeIDE_1.15.1/STM32CubeIDE/plugins/com.st.stm32cube.ide.mcu.externaltools.gnu-tools-for-stm32.12.3.rel1.win32_1.0.200.202406191623/tools/bin/../lib/gcc/arm-none-eabi/12.3.1/../../../../arm-none-eabi/lib/thumb/v7e-m+fp/hard\libc_nano.a(libc_a-findfp.o)
                0x08023194                __sfp_lock_release
 .text.__sinit  0x080231a0       0x30 E:/STM32CubeIDE/STM32CubeIDE_1.15.1/STM32CubeIDE/plugins/com.st.stm32cube.ide.mcu.externaltools.gnu-tools-for-stm32.12.3.rel1.win32_1.0.200.202406191623/tools/bin/../lib/gcc/arm-none-eabi/12.3.1/../../../../arm-none-eabi/lib/thumb/v7e-m+fp/hard\libc_nano.a(libc_a-findfp.o)
                0x080231a0                __sinit
 .text._fwalk_sglue
                0x080231d0       0x3c E:/STM32CubeIDE/STM32CubeIDE_1.15.1/STM32CubeIDE/plugins/com.st.stm32cube.ide.mcu.externaltools.gnu-tools-for-stm32.12.3.rel1.win32_1.0.200.202406191623/tools/bin/../lib/gcc/arm-none-eabi/12.3.1/../../../../arm-none-eabi/lib/thumb/v7e-m+fp/hard\libc_nano.a(libc_a-fwalk.o)
                0x080231d0                _fwalk_sglue
 .text.printf   0x0802320c       0x24 E:/STM32CubeIDE/STM32CubeIDE_1.15.1/STM32CubeIDE/plugins/com.st.stm32cube.ide.mcu.externaltools.gnu-tools-for-stm32.12.3.rel1.win32_1.0.200.202406191623/tools/bin/../lib/gcc/arm-none-eabi/12.3.1/../../../../arm-none-eabi/lib/thumb/v7e-m+fp/hard\libc_nano.a(libc_a-printf.o)
                0x0802320c                iprintf
                0x0802320c                printf
 .text._puts_r  0x08023230       0xaa E:/STM32CubeIDE/STM32CubeIDE_1.15.1/STM32CubeIDE/plugins/com.st.stm32cube.ide.mcu.externaltools.gnu-tools-for-stm32.12.3.rel1.win32_1.0.200.202406191623/tools/bin/../lib/gcc/arm-none-eabi/12.3.1/../../../../arm-none-eabi/lib/thumb/v7e-m+fp/hard\libc_nano.a(libc_a-puts.o)
                0x08023230                _puts_r
 *fill*         0x080232da        0x2 
 .text.puts     0x080232dc       0x10 E:/STM32CubeIDE/STM32CubeIDE_1.15.1/STM32CubeIDE/plugins/com.st.stm32cube.ide.mcu.externaltools.gnu-tools-for-stm32.12.3.rel1.win32_1.0.200.202406191623/tools/bin/../lib/gcc/arm-none-eabi/12.3.1/../../../../arm-none-eabi/lib/thumb/v7e-m+fp/hard\libc_nano.a(libc_a-puts.o)
                0x080232dc                puts
 .text.sprintf  0x080232ec       0x40 E:/STM32CubeIDE/STM32CubeIDE_1.15.1/STM32CubeIDE/plugins/com.st.stm32cube.ide.mcu.externaltools.gnu-tools-for-stm32.12.3.rel1.win32_1.0.200.202406191623/tools/bin/../lib/gcc/arm-none-eabi/12.3.1/../../../../arm-none-eabi/lib/thumb/v7e-m+fp/hard\libc_nano.a(libc_a-sprintf.o)
                0x080232ec                siprintf
                0x080232ec                sprintf
 .text.__sread  0x0802332c       0x22 E:/STM32CubeIDE/STM32CubeIDE_1.15.1/STM32CubeIDE/plugins/com.st.stm32cube.ide.mcu.externaltools.gnu-tools-for-stm32.12.3.rel1.win32_1.0.200.202406191623/tools/bin/../lib/gcc/arm-none-eabi/12.3.1/../../../../arm-none-eabi/lib/thumb/v7e-m+fp/hard\libc_nano.a(libc_a-stdio.o)
                0x0802332c                __sread
 .text.__swrite
                0x0802334e       0x38 E:/STM32CubeIDE/STM32CubeIDE_1.15.1/STM32CubeIDE/plugins/com.st.stm32cube.ide.mcu.externaltools.gnu-tools-for-stm32.12.3.rel1.win32_1.0.200.202406191623/tools/bin/../lib/gcc/arm-none-eabi/12.3.1/../../../../arm-none-eabi/lib/thumb/v7e-m+fp/hard\libc_nano.a(libc_a-stdio.o)
                0x0802334e                __swrite
 .text.__sseek  0x08023386       0x24 E:/STM32CubeIDE/STM32CubeIDE_1.15.1/STM32CubeIDE/plugins/com.st.stm32cube.ide.mcu.externaltools.gnu-tools-for-stm32.12.3.rel1.win32_1.0.200.202406191623/tools/bin/../lib/gcc/arm-none-eabi/12.3.1/../../../../arm-none-eabi/lib/thumb/v7e-m+fp/hard\libc_nano.a(libc_a-stdio.o)
                0x08023386                __sseek
 .text.__sclose
                0x080233aa        0x8 E:/STM32CubeIDE/STM32CubeIDE_1.15.1/STM32CubeIDE/plugins/com.st.stm32cube.ide.mcu.externaltools.gnu-tools-for-stm32.12.3.rel1.win32_1.0.200.202406191623/tools/bin/../lib/gcc/arm-none-eabi/12.3.1/../../../../arm-none-eabi/lib/thumb/v7e-m+fp/hard\libc_nano.a(libc_a-stdio.o)
                0x080233aa                __sclose
 .text.__swbuf_r
                0x080233b2       0x7c E:/STM32CubeIDE/STM32CubeIDE_1.15.1/STM32CubeIDE/plugins/com.st.stm32cube.ide.mcu.externaltools.gnu-tools-for-stm32.12.3.rel1.win32_1.0.200.202406191623/tools/bin/../lib/gcc/arm-none-eabi/12.3.1/../../../../arm-none-eabi/lib/thumb/v7e-m+fp/hard\libc_nano.a(libc_a-wbuf.o)
                0x080233b2                __swbuf_r
 *fill*         0x0802342e        0x2 
 .text.__swsetup_r
                0x08023430       0xac E:/STM32CubeIDE/STM32CubeIDE_1.15.1/STM32CubeIDE/plugins/com.st.stm32cube.ide.mcu.externaltools.gnu-tools-for-stm32.12.3.rel1.win32_1.0.200.202406191623/tools/bin/../lib/gcc/arm-none-eabi/12.3.1/../../../../arm-none-eabi/lib/thumb/v7e-m+fp/hard\libc_nano.a(libc_a-wsetup.o)
                0x08023430                __swsetup_r
 .text.memset   0x080234dc       0x10 E:/STM32CubeIDE/STM32CubeIDE_1.15.1/STM32CubeIDE/plugins/com.st.stm32cube.ide.mcu.externaltools.gnu-tools-for-stm32.12.3.rel1.win32_1.0.200.202406191623/tools/bin/../lib/gcc/arm-none-eabi/12.3.1/../../../../arm-none-eabi/lib/thumb/v7e-m+fp/hard\libc_nano.a(libc_a-memset.o)
                0x080234dc                memset
 .text.strncmp  0x080234ec       0x24 E:/STM32CubeIDE/STM32CubeIDE_1.15.1/STM32CubeIDE/plugins/com.st.stm32cube.ide.mcu.externaltools.gnu-tools-for-stm32.12.3.rel1.win32_1.0.200.202406191623/tools/bin/../lib/gcc/arm-none-eabi/12.3.1/../../../../arm-none-eabi/lib/thumb/v7e-m+fp/hard\libc_nano.a(libc_a-strncmp.o)
                0x080234ec                strncmp
 .text._localeconv_r
                0x08023510        0x8 E:/STM32CubeIDE/STM32CubeIDE_1.15.1/STM32CubeIDE/plugins/com.st.stm32cube.ide.mcu.externaltools.gnu-tools-for-stm32.12.3.rel1.win32_1.0.200.202406191623/tools/bin/../lib/gcc/arm-none-eabi/12.3.1/../../../../arm-none-eabi/lib/thumb/v7e-m+fp/hard\libc_nano.a(libc_a-localeconv.o)
                0x08023510                _localeconv_r
 .text._close_r
                0x08023518       0x20 E:/STM32CubeIDE/STM32CubeIDE_1.15.1/STM32CubeIDE/plugins/com.st.stm32cube.ide.mcu.externaltools.gnu-tools-for-stm32.12.3.rel1.win32_1.0.200.202406191623/tools/bin/../lib/gcc/arm-none-eabi/12.3.1/../../../../arm-none-eabi/lib/thumb/v7e-m+fp/hard\libc_nano.a(libc_a-closer.o)
                0x08023518                _close_r
 .text._lseek_r
                0x08023538       0x24 E:/STM32CubeIDE/STM32CubeIDE_1.15.1/STM32CubeIDE/plugins/com.st.stm32cube.ide.mcu.externaltools.gnu-tools-for-stm32.12.3.rel1.win32_1.0.200.202406191623/tools/bin/../lib/gcc/arm-none-eabi/12.3.1/../../../../arm-none-eabi/lib/thumb/v7e-m+fp/hard\libc_nano.a(libc_a-lseekr.o)
                0x08023538                _lseek_r
 .text._read_r  0x0802355c       0x24 E:/STM32CubeIDE/STM32CubeIDE_1.15.1/STM32CubeIDE/plugins/com.st.stm32cube.ide.mcu.externaltools.gnu-tools-for-stm32.12.3.rel1.win32_1.0.200.202406191623/tools/bin/../lib/gcc/arm-none-eabi/12.3.1/../../../../arm-none-eabi/lib/thumb/v7e-m+fp/hard\libc_nano.a(libc_a-readr.o)
                0x0802355c                _read_r
 .text._sbrk_r  0x08023580       0x20 E:/STM32CubeIDE/STM32CubeIDE_1.15.1/STM32CubeIDE/plugins/com.st.stm32cube.ide.mcu.externaltools.gnu-tools-for-stm32.12.3.rel1.win32_1.0.200.202406191623/tools/bin/../lib/gcc/arm-none-eabi/12.3.1/../../../../arm-none-eabi/lib/thumb/v7e-m+fp/hard\libc_nano.a(libc_a-sbrkr.o)
                0x08023580                _sbrk_r
 .text._write_r
                0x080235a0       0x24 E:/STM32CubeIDE/STM32CubeIDE_1.15.1/STM32CubeIDE/plugins/com.st.stm32cube.ide.mcu.externaltools.gnu-tools-for-stm32.12.3.rel1.win32_1.0.200.202406191623/tools/bin/../lib/gcc/arm-none-eabi/12.3.1/../../../../arm-none-eabi/lib/thumb/v7e-m+fp/hard\libc_nano.a(libc_a-writer.o)
                0x080235a0                _write_r
 .text.__errno  0x080235c4        0xc E:/STM32CubeIDE/STM32CubeIDE_1.15.1/STM32CubeIDE/plugins/com.st.stm32cube.ide.mcu.externaltools.gnu-tools-for-stm32.12.3.rel1.win32_1.0.200.202406191623/tools/bin/../lib/gcc/arm-none-eabi/12.3.1/../../../../arm-none-eabi/lib/thumb/v7e-m+fp/hard\libc_nano.a(libc_a-errno.o)
                0x080235c4                __errno
 .text.__libc_init_array
                0x080235d0       0x48 E:/STM32CubeIDE/STM32CubeIDE_1.15.1/STM32CubeIDE/plugins/com.st.stm32cube.ide.mcu.externaltools.gnu-tools-for-stm32.12.3.rel1.win32_1.0.200.202406191623/tools/bin/../lib/gcc/arm-none-eabi/12.3.1/../../../../arm-none-eabi/lib/thumb/v7e-m+fp/hard\libc_nano.a(libc_a-init.o)
                0x080235d0                __libc_init_array
 .text.__retarget_lock_init_recursive
                0x08023618        0x2 E:/STM32CubeIDE/STM32CubeIDE_1.15.1/STM32CubeIDE/plugins/com.st.stm32cube.ide.mcu.externaltools.gnu-tools-for-stm32.12.3.rel1.win32_1.0.200.202406191623/tools/bin/../lib/gcc/arm-none-eabi/12.3.1/../../../../arm-none-eabi/lib/thumb/v7e-m+fp/hard\libc_nano.a(libc_a-lock.o)
                0x08023618                __retarget_lock_init_recursive
 .text.__retarget_lock_acquire_recursive
                0x0802361a        0x2 E:/STM32CubeIDE/STM32CubeIDE_1.15.1/STM32CubeIDE/plugins/com.st.stm32cube.ide.mcu.externaltools.gnu-tools-for-stm32.12.3.rel1.win32_1.0.200.202406191623/tools/bin/../lib/gcc/arm-none-eabi/12.3.1/../../../../arm-none-eabi/lib/thumb/v7e-m+fp/hard\libc_nano.a(libc_a-lock.o)
                0x0802361a                __retarget_lock_acquire_recursive
 .text.__retarget_lock_release_recursive
                0x0802361c        0x2 E:/STM32CubeIDE/STM32CubeIDE_1.15.1/STM32CubeIDE/plugins/com.st.stm32cube.ide.mcu.externaltools.gnu-tools-for-stm32.12.3.rel1.win32_1.0.200.202406191623/tools/bin/../lib/gcc/arm-none-eabi/12.3.1/../../../../arm-none-eabi/lib/thumb/v7e-m+fp/hard\libc_nano.a(libc_a-lock.o)
                0x0802361c                __retarget_lock_release_recursive
 .text.memcpy   0x0802361e       0x1c E:/STM32CubeIDE/STM32CubeIDE_1.15.1/STM32CubeIDE/plugins/com.st.stm32cube.ide.mcu.externaltools.gnu-tools-for-stm32.12.3.rel1.win32_1.0.200.202406191623/tools/bin/../lib/gcc/arm-none-eabi/12.3.1/../../../../arm-none-eabi/lib/thumb/v7e-m+fp/hard\libc_nano.a(libc_a-memcpy-stub.o)
                0x0802361e                memcpy
 *fill*         0x0802363a        0x2 
 .text.nanf     0x0802363c        0xc E:/STM32CubeIDE/STM32CubeIDE_1.15.1/STM32CubeIDE/plugins/com.st.stm32cube.ide.mcu.externaltools.gnu-tools-for-stm32.12.3.rel1.win32_1.0.200.202406191623/tools/bin/../lib/gcc/arm-none-eabi/12.3.1/../../../../arm-none-eabi/lib/thumb/v7e-m+fp/hard\libc_nano.a(libm_a-sf_nan.o)
                0x0802363c                nanf
 .text.quorem   0x08023648      0x110 E:/STM32CubeIDE/STM32CubeIDE_1.15.1/STM32CubeIDE/plugins/com.st.stm32cube.ide.mcu.externaltools.gnu-tools-for-stm32.12.3.rel1.win32_1.0.200.202406191623/tools/bin/../lib/gcc/arm-none-eabi/12.3.1/../../../../arm-none-eabi/lib/thumb/v7e-m+fp/hard\libc_nano.a(libc_a-dtoa.o)
 .text._dtoa_r  0x08023758      0xb88 E:/STM32CubeIDE/STM32CubeIDE_1.15.1/STM32CubeIDE/plugins/com.st.stm32cube.ide.mcu.externaltools.gnu-tools-for-stm32.12.3.rel1.win32_1.0.200.202406191623/tools/bin/../lib/gcc/arm-none-eabi/12.3.1/../../../../arm-none-eabi/lib/thumb/v7e-m+fp/hard\libc_nano.a(libc_a-dtoa.o)
                0x08023758                _dtoa_r
 .text._free_r  0x080242e0       0x94 E:/STM32CubeIDE/STM32CubeIDE_1.15.1/STM32CubeIDE/plugins/com.st.stm32cube.ide.mcu.externaltools.gnu-tools-for-stm32.12.3.rel1.win32_1.0.200.202406191623/tools/bin/../lib/gcc/arm-none-eabi/12.3.1/../../../../arm-none-eabi/lib/thumb/v7e-m+fp/hard\libc_nano.a(libc_a-freer.o)
                0x080242e0                _free_r
 .text._Balloc  0x08024374       0x80 E:/STM32CubeIDE/STM32CubeIDE_1.15.1/STM32CubeIDE/plugins/com.st.stm32cube.ide.mcu.externaltools.gnu-tools-for-stm32.12.3.rel1.win32_1.0.200.202406191623/tools/bin/../lib/gcc/arm-none-eabi/12.3.1/../../../../arm-none-eabi/lib/thumb/v7e-m+fp/hard\libc_nano.a(libc_a-mprec.o)
                0x08024374                _Balloc
 .text._Bfree   0x080243f4       0x44 E:/STM32CubeIDE/STM32CubeIDE_1.15.1/STM32CubeIDE/plugins/com.st.stm32cube.ide.mcu.externaltools.gnu-tools-for-stm32.12.3.rel1.win32_1.0.200.202406191623/tools/bin/../lib/gcc/arm-none-eabi/12.3.1/../../../../arm-none-eabi/lib/thumb/v7e-m+fp/hard\libc_nano.a(libc_a-mprec.o)
                0x080243f4                _Bfree
 .text.__multadd
                0x08024438       0x8c E:/STM32CubeIDE/STM32CubeIDE_1.15.1/STM32CubeIDE/plugins/com.st.stm32cube.ide.mcu.externaltools.gnu-tools-for-stm32.12.3.rel1.win32_1.0.200.202406191623/tools/bin/../lib/gcc/arm-none-eabi/12.3.1/../../../../arm-none-eabi/lib/thumb/v7e-m+fp/hard\libc_nano.a(libc_a-mprec.o)
                0x08024438                __multadd
 .text.__s2b    0x080244c4       0x94 E:/STM32CubeIDE/STM32CubeIDE_1.15.1/STM32CubeIDE/plugins/com.st.stm32cube.ide.mcu.externaltools.gnu-tools-for-stm32.12.3.rel1.win32_1.0.200.202406191623/tools/bin/../lib/gcc/arm-none-eabi/12.3.1/../../../../arm-none-eabi/lib/thumb/v7e-m+fp/hard\libc_nano.a(libc_a-mprec.o)
                0x080244c4                __s2b
 .text.__hi0bits
                0x08024558       0x3e E:/STM32CubeIDE/STM32CubeIDE_1.15.1/STM32CubeIDE/plugins/com.st.stm32cube.ide.mcu.externaltools.gnu-tools-for-stm32.12.3.rel1.win32_1.0.200.202406191623/tools/bin/../lib/gcc/arm-none-eabi/12.3.1/../../../../arm-none-eabi/lib/thumb/v7e-m+fp/hard\libc_nano.a(libc_a-mprec.o)
                0x08024558                __hi0bits
 .text.__lo0bits
                0x08024596       0x5a E:/STM32CubeIDE/STM32CubeIDE_1.15.1/STM32CubeIDE/plugins/com.st.stm32cube.ide.mcu.externaltools.gnu-tools-for-stm32.12.3.rel1.win32_1.0.200.202406191623/tools/bin/../lib/gcc/arm-none-eabi/12.3.1/../../../../arm-none-eabi/lib/thumb/v7e-m+fp/hard\libc_nano.a(libc_a-mprec.o)
                0x08024596                __lo0bits
 .text.__i2b    0x080245f0       0x2c E:/STM32CubeIDE/STM32CubeIDE_1.15.1/STM32CubeIDE/plugins/com.st.stm32cube.ide.mcu.externaltools.gnu-tools-for-stm32.12.3.rel1.win32_1.0.200.202406191623/tools/bin/../lib/gcc/arm-none-eabi/12.3.1/../../../../arm-none-eabi/lib/thumb/v7e-m+fp/hard\libc_nano.a(libc_a-mprec.o)
                0x080245f0                __i2b
 .text.__multiply
                0x0802461c      0x154 E:/STM32CubeIDE/STM32CubeIDE_1.15.1/STM32CubeIDE/plugins/com.st.stm32cube.ide.mcu.externaltools.gnu-tools-for-stm32.12.3.rel1.win32_1.0.200.202406191623/tools/bin/../lib/gcc/arm-none-eabi/12.3.1/../../../../arm-none-eabi/lib/thumb/v7e-m+fp/hard\libc_nano.a(libc_a-mprec.o)
                0x0802461c                __multiply
 .text.__pow5mult
                0x08024770       0xb4 E:/STM32CubeIDE/STM32CubeIDE_1.15.1/STM32CubeIDE/plugins/com.st.stm32cube.ide.mcu.externaltools.gnu-tools-for-stm32.12.3.rel1.win32_1.0.200.202406191623/tools/bin/../lib/gcc/arm-none-eabi/12.3.1/../../../../arm-none-eabi/lib/thumb/v7e-m+fp/hard\libc_nano.a(libc_a-mprec.o)
                0x08024770                __pow5mult
 .text.__lshift
                0x08024824       0xd8 E:/STM32CubeIDE/STM32CubeIDE_1.15.1/STM32CubeIDE/plugins/com.st.stm32cube.ide.mcu.externaltools.gnu-tools-for-stm32.12.3.rel1.win32_1.0.200.202406191623/tools/bin/../lib/gcc/arm-none-eabi/12.3.1/../../../../arm-none-eabi/lib/thumb/v7e-m+fp/hard\libc_nano.a(libc_a-mprec.o)
                0x08024824                __lshift
 .text.__mcmp   0x080248fc       0x36 E:/STM32CubeIDE/STM32CubeIDE_1.15.1/STM32CubeIDE/plugins/com.st.stm32cube.ide.mcu.externaltools.gnu-tools-for-stm32.12.3.rel1.win32_1.0.200.202406191623/tools/bin/../lib/gcc/arm-none-eabi/12.3.1/../../../../arm-none-eabi/lib/thumb/v7e-m+fp/hard\libc_nano.a(libc_a-mprec.o)
                0x080248fc                __mcmp
 *fill*         0x08024932        0x2 
 .text.__mdiff  0x08024934      0x128 E:/STM32CubeIDE/STM32CubeIDE_1.15.1/STM32CubeIDE/plugins/com.st.stm32cube.ide.mcu.externaltools.gnu-tools-for-stm32.12.3.rel1.win32_1.0.200.202406191623/tools/bin/../lib/gcc/arm-none-eabi/12.3.1/../../../../arm-none-eabi/lib/thumb/v7e-m+fp/hard\libc_nano.a(libc_a-mprec.o)
                0x08024934                __mdiff
 .text.__ulp    0x08024a5c       0x4c E:/STM32CubeIDE/STM32CubeIDE_1.15.1/STM32CubeIDE/plugins/com.st.stm32cube.ide.mcu.externaltools.gnu-tools-for-stm32.12.3.rel1.win32_1.0.200.202406191623/tools/bin/../lib/gcc/arm-none-eabi/12.3.1/../../../../arm-none-eabi/lib/thumb/v7e-m+fp/hard\libc_nano.a(libc_a-mprec.o)
                0x08024a5c                __ulp
 .text.__b2d    0x08024aa8       0x94 E:/STM32CubeIDE/STM32CubeIDE_1.15.1/STM32CubeIDE/plugins/com.st.stm32cube.ide.mcu.externaltools.gnu-tools-for-stm32.12.3.rel1.win32_1.0.200.202406191623/tools/bin/../lib/gcc/arm-none-eabi/12.3.1/../../../../arm-none-eabi/lib/thumb/v7e-m+fp/hard\libc_nano.a(libc_a-mprec.o)
                0x08024aa8                __b2d
 .text.__d2b    0x08024b3c       0xb0 E:/STM32CubeIDE/STM32CubeIDE_1.15.1/STM32CubeIDE/plugins/com.st.stm32cube.ide.mcu.externaltools.gnu-tools-for-stm32.12.3.rel1.win32_1.0.200.202406191623/tools/bin/../lib/gcc/arm-none-eabi/12.3.1/../../../../arm-none-eabi/lib/thumb/v7e-m+fp/hard\libc_nano.a(libc_a-mprec.o)
                0x08024b3c                __d2b
 .text.__ratio  0x08024bec       0x64 E:/STM32CubeIDE/STM32CubeIDE_1.15.1/STM32CubeIDE/plugins/com.st.stm32cube.ide.mcu.externaltools.gnu-tools-for-stm32.12.3.rel1.win32_1.0.200.202406191623/tools/bin/../lib/gcc/arm-none-eabi/12.3.1/../../../../arm-none-eabi/lib/thumb/v7e-m+fp/hard\libc_nano.a(libc_a-mprec.o)
                0x08024bec                __ratio
 .text.__copybits
                0x08024c50       0x46 E:/STM32CubeIDE/STM32CubeIDE_1.15.1/STM32CubeIDE/plugins/com.st.stm32cube.ide.mcu.externaltools.gnu-tools-for-stm32.12.3.rel1.win32_1.0.200.202406191623/tools/bin/../lib/gcc/arm-none-eabi/12.3.1/../../../../arm-none-eabi/lib/thumb/v7e-m+fp/hard\libc_nano.a(libc_a-mprec.o)
                0x08024c50                __copybits
 .text.__any_on
                0x08024c96       0x42 E:/STM32CubeIDE/STM32CubeIDE_1.15.1/STM32CubeIDE/plugins/com.st.stm32cube.ide.mcu.externaltools.gnu-tools-for-stm32.12.3.rel1.win32_1.0.200.202406191623/tools/bin/../lib/gcc/arm-none-eabi/12.3.1/../../../../arm-none-eabi/lib/thumb/v7e-m+fp/hard\libc_nano.a(libc_a-mprec.o)
                0x08024c96                __any_on
 .text._malloc_usable_size_r
                0x08024cd8       0x10 E:/STM32CubeIDE/STM32CubeIDE_1.15.1/STM32CubeIDE/plugins/com.st.stm32cube.ide.mcu.externaltools.gnu-tools-for-stm32.12.3.rel1.win32_1.0.200.202406191623/tools/bin/../lib/gcc/arm-none-eabi/12.3.1/../../../../arm-none-eabi/lib/thumb/v7e-m+fp/hard\libc_nano.a(libc_a-msizer.o)
                0x08024cd8                _malloc_usable_size_r
 .text.sulp     0x08024ce8       0x3c E:/STM32CubeIDE/STM32CubeIDE_1.15.1/STM32CubeIDE/plugins/com.st.stm32cube.ide.mcu.externaltools.gnu-tools-for-stm32.12.3.rel1.win32_1.0.200.202406191623/tools/bin/../lib/gcc/arm-none-eabi/12.3.1/../../../../arm-none-eabi/lib/thumb/v7e-m+fp/hard\libc_nano.a(libc_a-strtod.o)
 *fill*         0x08024d24        0x4 
 .text._strtod_l
                0x08024d28      0xbc8 E:/STM32CubeIDE/STM32CubeIDE_1.15.1/STM32CubeIDE/plugins/com.st.stm32cube.ide.mcu.externaltools.gnu-tools-for-stm32.12.3.rel1.win32_1.0.200.202406191623/tools/bin/../lib/gcc/arm-none-eabi/12.3.1/../../../../arm-none-eabi/lib/thumb/v7e-m+fp/hard\libc_nano.a(libc_a-strtod.o)
                0x08024d28                _strtod_l
 .text._strtod_r
                0x080258f0        0xc E:/STM32CubeIDE/STM32CubeIDE_1.15.1/STM32CubeIDE/plugins/com.st.stm32cube.ide.mcu.externaltools.gnu-tools-for-stm32.12.3.rel1.win32_1.0.200.202406191623/tools/bin/../lib/gcc/arm-none-eabi/12.3.1/../../../../arm-none-eabi/lib/thumb/v7e-m+fp/hard\libc_nano.a(libc_a-strtod.o)
                0x080258f0                _strtod_r
 .text._strtol_l.constprop.0
                0x080258fc       0xf4 E:/STM32CubeIDE/STM32CubeIDE_1.15.1/STM32CubeIDE/plugins/com.st.stm32cube.ide.mcu.externaltools.gnu-tools-for-stm32.12.3.rel1.win32_1.0.200.202406191623/tools/bin/../lib/gcc/arm-none-eabi/12.3.1/../../../../arm-none-eabi/lib/thumb/v7e-m+fp/hard\libc_nano.a(libc_a-strtol.o)
 .text._strtol_r
                0x080259f0        0x4 E:/STM32CubeIDE/STM32CubeIDE_1.15.1/STM32CubeIDE/plugins/com.st.stm32cube.ide.mcu.externaltools.gnu-tools-for-stm32.12.3.rel1.win32_1.0.200.202406191623/tools/bin/../lib/gcc/arm-none-eabi/12.3.1/../../../../arm-none-eabi/lib/thumb/v7e-m+fp/hard\libc_nano.a(libc_a-strtol.o)
                0x080259f0                _strtol_r
 .text.__ssputs_r
                0x080259f4       0xb6 E:/STM32CubeIDE/STM32CubeIDE_1.15.1/STM32CubeIDE/plugins/com.st.stm32cube.ide.mcu.externaltools.gnu-tools-for-stm32.12.3.rel1.win32_1.0.200.202406191623/tools/bin/../lib/gcc/arm-none-eabi/12.3.1/../../../../arm-none-eabi/lib/thumb/v7e-m+fp/hard\libc_nano.a(libc_a-nano-svfprintf.o)
                0x080259f4                __ssputs_r
 *fill*         0x08025aaa        0x2 
 .text._svfprintf_r
                0x08025aac      0x1f8 E:/STM32CubeIDE/STM32CubeIDE_1.15.1/STM32CubeIDE/plugins/com.st.stm32cube.ide.mcu.externaltools.gnu-tools-for-stm32.12.3.rel1.win32_1.0.200.202406191623/tools/bin/../lib/gcc/arm-none-eabi/12.3.1/../../../../arm-none-eabi/lib/thumb/v7e-m+fp/hard\libc_nano.a(libc_a-nano-svfprintf.o)
                0x08025aac                _svfiprintf_r
                0x08025aac                _svfprintf_r
 .text.__sfputc_r
                0x08025ca4       0x2e E:/STM32CubeIDE/STM32CubeIDE_1.15.1/STM32CubeIDE/plugins/com.st.stm32cube.ide.mcu.externaltools.gnu-tools-for-stm32.12.3.rel1.win32_1.0.200.202406191623/tools/bin/../lib/gcc/arm-none-eabi/12.3.1/../../../../arm-none-eabi/lib/thumb/v7e-m+fp/hard\libc_nano.a(libc_a-nano-vfprintf.o)
 .text.__sfputs_r
                0x08025cd2       0x24 E:/STM32CubeIDE/STM32CubeIDE_1.15.1/STM32CubeIDE/plugins/com.st.stm32cube.ide.mcu.externaltools.gnu-tools-for-stm32.12.3.rel1.win32_1.0.200.202406191623/tools/bin/../lib/gcc/arm-none-eabi/12.3.1/../../../../arm-none-eabi/lib/thumb/v7e-m+fp/hard\libc_nano.a(libc_a-nano-vfprintf.o)
                0x08025cd2                __sfputs_r
 *fill*         0x08025cf6        0x2 
 .text._vfprintf_r
                0x08025cf8      0x230 E:/STM32CubeIDE/STM32CubeIDE_1.15.1/STM32CubeIDE/plugins/com.st.stm32cube.ide.mcu.externaltools.gnu-tools-for-stm32.12.3.rel1.win32_1.0.200.202406191623/tools/bin/../lib/gcc/arm-none-eabi/12.3.1/../../../../arm-none-eabi/lib/thumb/v7e-m+fp/hard\libc_nano.a(libc_a-nano-vfprintf.o)
                0x08025cf8                _vfprintf_r
                0x08025cf8                _vfiprintf_r
 .text.__sflush_r
                0x08025f28      0x108 E:/STM32CubeIDE/STM32CubeIDE_1.15.1/STM32CubeIDE/plugins/com.st.stm32cube.ide.mcu.externaltools.gnu-tools-for-stm32.12.3.rel1.win32_1.0.200.202406191623/tools/bin/../lib/gcc/arm-none-eabi/12.3.1/../../../../arm-none-eabi/lib/thumb/v7e-m+fp/hard\libc_nano.a(libc_a-fflush.o)
                0x08025f28                __sflush_r
 .text._fflush_r