stm32f7xx_hal_msp.c:65:6:HAL_MspInit	8	static
stm32f7xx_hal_msp.c:90:6:HAL_CRC_MspInit	8	static
stm32f7xx_hal_msp.c:113:6:HAL_CRC_MspDeInit	0	static
stm32f7xx_hal_msp.c:135:6:HAL_DMA2D_MspInit	16	static
stm32f7xx_hal_msp.c:161:6:HAL_DMA2D_MspDeInit	0	static
stm32f7xx_hal_msp.c:186:6:HAL_DSI_MspInit	40	static
stm32f7xx_hal_msp.c:225:6:HAL_DSI_MspDeInit	8	static
stm32f7xx_hal_msp.c:255:6:HAL_I2C_MspInit	200	static
stm32f7xx_hal_msp.c:313:6:HAL_I2C_MspDeInit	8	static
stm32f7xx_hal_msp.c:346:6:HAL_LTDC_MspInit	160	static
stm32f7xx_hal_msp.c:388:6:HAL_LTDC_MspDeInit	0	static
stm32f7xx_hal_msp.c:413:6:HAL_QSPI_MspInit	64	static
stm32f7xx_hal_msp.c:487:6:HAL_QSPI_MspDeInit	8	static
stm32f7xx_hal_msp.c:652:6:HAL_SDRAM_MspInit	48	static
stm32f7xx_hal_msp.c:760:6:HAL_SDRAM_MspDeInit	8	static
stm32f7xx_hal_msp.c:780:6:BSP_QSPI_MspInit	0	static
stm32f7xx_hal_msp.c:794:6:BSP_QSPI_MspDeInit	0	static
stm32f7xx_hal_msp.c:807:6:BSP_SDRAM_MspInit	0	static
stm32f7xx_hal_msp.c:820:6:BSP_SDRAM_MspDeInit	0	static
